[INFO] Scanning for projects...
[INFO] 
[INFO] ------------------------< com.blog:blogsystem >-------------------------
[INFO] Building  0.0.1-SNAPSHOT
[INFO]   from pom.xml
[INFO] --------------------------------[ jar ]---------------------------------
[INFO] 
[INFO] --- clean:3.5.0:clean (default-clean) @ blogsystem ---
[INFO] Deleting D:\blognews\blogsystem\target
[INFO] 
[INFO] --- resources:3.3.1:resources (default-resources) @ blogsystem ---
[INFO] Copying 2 resources from src\main\resources to target\classes
[INFO] Copying 22 resources from src\main\resources to target\classes
[INFO] 
[INFO] --- compiler:3.14.1:compile (default-compile) @ blogsystem ---
[INFO] Recompiling the module because of changed source code.
[INFO] Compiling 115 source files with javac [debug parameters release 21] to target\classes
[WARNING] /D:/blognews/blogsystem/src/main/java/com/blog/blogsystem/mapper/PostMapper.java:[29,10] Unmapped target property: "likesCount".
[WARNING] /D:/blognews/blogsystem/src/main/java/com/blog/blogsystem/mapper/TagMapper.java:[12,17] Unmapped target property: "postCount".
[WARNING] /D:/blognews/blogsystem/src/main/java/com/blog/blogsystem/mapper/CommentMapper.java:[62,13] Unmapped target properties: "reactions, reportCount".
[WARNING] /D:/blognews/blogsystem/src/main/java/com/blog/blogsystem/mapper/CategoryMapper.java:[16,22] Unmapped target property: "postCount".
[WARNING] /D:/blognews/blogsystem/src/main/java/com/blog/blogsystem/mapper/CategoryMapper.java:[20,14] Unmapped target properties: "createdAt, updatedAt".
[WARNING] /D:/blognews/blogsystem/src/main/java/com/blog/blogsystem/mapper/CategoryMapper.java:[28,10] Unmapped target properties: "createdAt, updatedAt".
[INFO] /D:/blognews/blogsystem/src/main/java/com/blog/blogsystem/config/GlobalResponseAdvice.java: D:\blognews\blogsystem\src\main\java\com\blog\blogsystem\config\GlobalResponseAdvice.java uses or overrides a deprecated API.
[INFO] /D:/blognews/blogsystem/src/main/java/com/blog/blogsystem/config/GlobalResponseAdvice.java: Recompile with -Xlint:deprecation for details.
[INFO] 
[INFO] --- resources:3.3.1:testResources (default-testResources) @ blogsystem ---
[INFO] Copying 1 resource from src\test\resources to target\test-classes
[INFO] 
[INFO] --- compiler:3.14.1:testCompile (default-testCompile) @ blogsystem ---
[INFO] Recompiling the module because of changed dependency.
[INFO] Compiling 17 source files with javac [debug parameters release 21] to target\test-classes
[INFO] 
[INFO] --- surefire:3.5.5:test (default-test) @ blogsystem ---
[INFO] Using auto detected provider org.apache.maven.surefire.junitplatform.JUnitPlatformProvider
[INFO] 
[INFO] -------------------------------------------------------
[INFO]  T E S T S
[INFO] -------------------------------------------------------
[INFO] Running com.blog.blogsystem.BlogsystemApplicationTests
04:22:46.258 [main] INFO org.springframework.test.context.support.AnnotationConfigContextLoaderUtils -- Could not detect default configuration classes for test class [com.blog.blogsystem.BlogsystemApplicationTests]: BlogsystemApplicationTests does not declare any static, non-private, non-final, nested classes annotated with @Configuration.
04:22:46.405 [main] INFO org.springframework.boot.test.context.SpringBootTestContextBootstrapper -- Found @SpringBootConfiguration com.blog.blogsystem.BlogsystemApplication for test class com.blog.blogsystem.BlogsystemApplicationTests
04:22:46.521 [main] INFO org.springframework.test.context.support.AnnotationConfigContextLoaderUtils -- Could not detect default configuration classes for test class [com.blog.blogsystem.BlogsystemApplicationTests]: BlogsystemApplicationTests does not declare any static, non-private, non-final, nested classes annotated with @Configuration.
04:22:46.523 [main] INFO org.springframework.boot.test.context.SpringBootTestContextBootstrapper -- Found @SpringBootConfiguration com.blog.blogsystem.BlogsystemApplication for test class com.blog.blogsystem.BlogsystemApplicationTests
04:22:46.665 [main] INFO org.springframework.boot.devtools.restart.RestartApplicationListener -- Restart disabled due to context in which it is running

  .   ____          _            __ _ _
 /\\ / ___'_ __ _ _(_)_ __  __ _ \ \ \ \
( ( )\___ | '_ | '_| | '_ \/ _` | \ \ \ \
 \\/  ___)| |_)| | | | | || (_| |  ) ) ) )
  '  |____| .__|_| |_|_| |_\__, | / / / /
 =========|_|==============|___/=/_/_/_/

 :: Spring Boot ::                (v4.0.6)

2026-08-21T04:22:47.082+07:00  INFO 16668 --- [blogsystem] [           main] c.b.b.BlogsystemApplicationTests         : Starting BlogsystemApplicationTests using Java 23 with PID 16668 (started by Trung An in D:\blognews\blogsystem)
2026-08-21T04:22:47.085+07:00  INFO 16668 --- [blogsystem] [           main] c.b.b.BlogsystemApplicationTests         : No active profile set, falling back to 1 default profile: "default"
2026-08-21T04:22:48.680+07:00  INFO 16668 --- [blogsystem] [           main] .s.d.r.c.RepositoryConfigurationDelegate : Bootstrapping Spring Data JPA repositories in DEFAULT mode.
2026-08-21T04:22:48.816+07:00  INFO 16668 --- [blogsystem] [           main] .s.d.r.c.RepositoryConfigurationDelegate : Finished Spring Data repository scanning in 121 ms. Found 14 JPA repository interfaces.
2026-08-21T04:22:50.041+07:00  INFO 16668 --- [blogsystem] [           main] com.zaxxer.hikari.HikariDataSource       : HikariPool-1 - Starting...
2026-08-21T04:22:50.588+07:00  INFO 16668 --- [blogsystem] [           main] com.zaxxer.hikari.pool.HikariPool        : HikariPool-1 - Added connection org.postgresql.jdbc.PgConnection@6ae6d078
2026-08-21T04:22:50.589+07:00  INFO 16668 --- [blogsystem] [           main] com.zaxxer.hikari.HikariDataSource       : HikariPool-1 - Start completed.
2026-08-21T04:22:50.654+07:00  INFO 16668 --- [blogsystem] [           main] org.flywaydb.core.FlywayExecutor         : Database: jdbc:postgresql://localhost:5432/blogsystemdb (PostgreSQL 18.3)
2026-08-21T04:22:50.794+07:00  INFO 16668 --- [blogsystem] [           main] o.f.core.internal.command.DbValidate     : Successfully validated 21 migrations (execution time 00:00.088s)
2026-08-21T04:22:50.831+07:00  INFO 16668 --- [blogsystem] [           main] o.f.core.internal.command.DbMigrate      : Current version of schema "public": 21
2026-08-21T04:22:50.840+07:00  INFO 16668 --- [blogsystem] [           main] o.f.core.internal.command.DbMigrate      : Schema "public" is up to date. No migration necessary.
2026-08-21T04:22:51.056+07:00  INFO 16668 --- [blogsystem] [           main] org.hibernate.orm.jpa                    : HHH008540: Processing PersistenceUnitInfo [name: default]
2026-08-21T04:22:51.174+07:00  INFO 16668 --- [blogsystem] [           main] org.hibernate.orm.core                   : HHH000001: Hibernate ORM core version 7.2.12.Final
2026-08-21T04:22:51.936+07:00  INFO 16668 --- [blogsystem] [           main] o.s.o.j.p.SpringPersistenceUnitInfo      : No LoadTimeWeaver setup: ignoring JPA class transformer
2026-08-21T04:22:52.092+07:00  INFO 16668 --- [blogsystem] [           main] org.hibernate.orm.connections.pooling    : HHH10001005: Database info:
	Database JDBC URL [jdbc:postgresql://localhost:5432/blogsystemdb]
	Database driver: PostgreSQL JDBC Driver
	Database dialect: PostgreSQLDialect
	Database version: 18.3
	Default catalog/schema: blogsystemdb/public
	Autocommit mode: undefined/unknown
	Isolation level: READ_COMMITTED [default READ_COMMITTED]
	JDBC fetch size: none
	Pool: DataSourceConnectionProvider
	Minimum pool size: undefined/unknown
	Maximum pool size: undefined/unknown
2026-08-21T04:22:53.825+07:00  INFO 16668 --- [blogsystem] [           main] org.hibernate.orm.core                   : HHH000489: No JTA platform available (set 'hibernate.transaction.jta.platform' to enable JTA platform integration)
2026-08-21T04:22:53.914+07:00  INFO 16668 --- [blogsystem] [           main] j.LocalContainerEntityManagerFactoryBean : Initialized JPA EntityManagerFactory for persistence unit 'default'
2026-08-21T04:22:54.040+07:00  INFO 16668 --- [blogsystem] [           main] o.s.d.j.r.query.QueryEnhancerFactories   : Hibernate is in classpath; If applicable, HQL parser will be used.
2026-08-21T04:22:56.452+07:00  INFO 16668 --- [blogsystem] [           main] r$InitializeUserDetailsManagerConfigurer : Global AuthenticationManager configured with UserDetailsService bean with name customUserDetailsService
2026-08-21T04:22:57.483+07:00 DEBUG 16668 --- [blogsystem] [           main] o.s.s.web.DefaultSecurityFilterChain     : Will secure any request with filters: DisableEncodeUrlFilter, WebAsyncManagerIntegrationFilter, SecurityContextHolderFilter, HeaderWriterFilter, CorsFilter, LogoutFilter, RateLimitFilter, JwtAuthenticationFilter, RequestCacheAwareFilter, SecurityContextHolderAwareRequestFilter, AnonymousAuthenticationFilter, SessionManagementFilter, ExceptionTranslationFilter, AuthorizationFilter
2026-08-21T04:22:58.671+07:00  INFO 16668 --- [blogsystem] [           main] c.b.b.BlogsystemApplicationTests         : Started BlogsystemApplicationTests in 12.027 seconds (process running for 14.191)
Hibernate: 
    select
        r1_0.id,
        r1_0.description,
        r1_0.role_name 
    from
        roles r1_0 
    where
        r1_0.role_name=?
Hibernate: 
    select
        r1_0.id,
        r1_0.description,
        r1_0.role_name 
    from
        roles r1_0 
    where
        r1_0.role_name=?
Hibernate: 
    select
        r1_0.id,
        r1_0.description,
        r1_0.role_name 
    from
        roles r1_0 
    where
        r1_0.role_name=?
Hibernate: 
    select
        r1_0.id,
        r1_0.description,
        r1_0.role_name 
    from
        roles r1_0 
    where
        r1_0.role_name=?
Hibernate: 
    select
        u1_0.id 
    from
        users u1_0 
    where
        u1_0.username=? 
    fetch
        first ? rows only
Mockito is currently self-attaching to enable the inline-mock-maker. This will no longer work in future releases of the JDK. Please add Mockito as an agent to your build as described in Mockito's documentation: https://javadoc.io/doc/org.mockito/mockito-core/latest/org.mockito/org/mockito/Mockito.html#0.3
WARNING: A Java agent has been loaded dynamically (C:\Users\Trung An\.m2\repository\net\bytebuddy\byte-buddy-agent\1.17.8\byte-buddy-agent-1.17.8.jar)
WARNING: If a serviceability tool is in use, please run with -XX:+EnableDynamicAgentLoading to hide this warning
WARNING: If a serviceability tool is not in use, please run with -Djdk.instrument.traceUsage for more information
WARNING: Dynamic loading of agents will be disallowed by default in a future release
Java HotSpot(TM) 64-Bit Server VM warning: Sharing is only supported for boot loader classes because bootstrap classpath has been appended
[INFO] Tests run: 1, Failures: 0, Errors: 0, Skipped: 0, Time elapsed: 13.88 s -- in com.blog.blogsystem.BlogsystemApplicationTests
[INFO] Running com.blog.blogsystem.controller.AuthControllerTest
2026-08-21T04:22:59.690+07:00  INFO 16668 --- [blogsystem] [           main] t.c.s.AnnotationConfigContextLoaderUtils : Could not detect default configuration classes for test class [com.blog.blogsystem.controller.AuthControllerTest]: AuthControllerTest does not declare any static, non-private, non-final, nested classes annotated with @Configuration.
2026-08-21T04:22:59.754+07:00  INFO 16668 --- [blogsystem] [           main] .b.t.c.SpringBootTestContextBootstrapper : Found @SpringBootConfiguration com.blog.blogsystem.BlogsystemApplication for test class com.blog.blogsystem.controller.AuthControllerTest
2026-08-21T04:22:59.756+07:00  INFO 16668 --- [blogsystem] [           main] t.c.s.AnnotationConfigContextLoaderUtils : Could not detect default configuration classes for test class [com.blog.blogsystem.controller.AuthControllerTest]: AuthControllerTest does not declare any static, non-private, non-final, nested classes annotated with @Configuration.
2026-08-21T04:22:59.760+07:00  INFO 16668 --- [blogsystem] [           main] .b.t.c.SpringBootTestContextBootstrapper : Found @SpringBootConfiguration com.blog.blogsystem.BlogsystemApplication for test class com.blog.blogsystem.controller.AuthControllerTest
2026-08-21T04:22:59.776+07:00  INFO 16668 --- [blogsystem] [           main] o.s.b.d.r.RestartApplicationListener     : Restart disabled due to context in which it is running

  .   ____          _            __ _ _
 /\\ / ___'_ __ _ _(_)_ __  __ _ \ \ \ \
( ( )\___ | '_ | '_| | '_ \/ _` | \ \ \ \
 \\/  ___)| |_)| | | | | || (_| |  ) ) ) )
  '  |____| .__|_| |_|_| |_\__, | / / / /
 =========|_|==============|___/=/_/_/_/

 :: Spring Boot ::                (v4.0.6)

2026-08-21T04:22:59.828+07:00  INFO 16668 --- [blogsystem] [           main] c.b.b.controller.AuthControllerTest      : Starting AuthControllerTest using Java 23 with PID 16668 (started by Trung An in D:\blognews\blogsystem)
2026-08-21T04:22:59.828+07:00 DEBUG 16668 --- [blogsystem] [           main] c.b.b.controller.AuthControllerTest      : Running with Spring Boot v4.0.6, Spring v7.0.7
2026-08-21T04:22:59.829+07:00  INFO 16668 --- [blogsystem] [           main] c.b.b.controller.AuthControllerTest      : The following 1 profile is active: "test"
2026-08-21T04:23:00.162+07:00  INFO 16668 --- [blogsystem] [           main] .s.d.r.c.RepositoryConfigurationDelegate : Bootstrapping Spring Data JPA repositories in DEFAULT mode.
2026-08-21T04:23:00.189+07:00  INFO 16668 --- [blogsystem] [           main] .s.d.r.c.RepositoryConfigurationDelegate : Finished Spring Data repository scanning in 24 ms. Found 14 JPA repository interfaces.
2026-08-21T04:23:00.397+07:00  INFO 16668 --- [blogsystem] [           main] com.zaxxer.hikari.HikariDataSource       : HikariPool-2 - Starting...
2026-08-21T04:23:00.550+07:00  INFO 16668 --- [blogsystem] [           main] com.zaxxer.hikari.pool.HikariPool        : HikariPool-2 - Added connection org.postgresql.jdbc.PgConnection@6ee7da38
2026-08-21T04:23:00.552+07:00  INFO 16668 --- [blogsystem] [           main] com.zaxxer.hikari.HikariDataSource       : HikariPool-2 - Start completed.
2026-08-21T04:23:00.555+07:00  INFO 16668 --- [blogsystem] [           main] org.flywaydb.core.FlywayExecutor         : Database: jdbc:postgresql://localhost:5432/blogsystemdb (PostgreSQL 18.3)
2026-08-21T04:23:00.594+07:00  INFO 16668 --- [blogsystem] [           main] o.f.core.internal.command.DbValidate     : Successfully validated 21 migrations (execution time 00:00.022s)
2026-08-21T04:23:00.659+07:00  INFO 16668 --- [blogsystem] [           main] o.f.core.internal.command.DbMigrate      : Current version of schema "public": 21
2026-08-21T04:23:00.660+07:00  INFO 16668 --- [blogsystem] [           main] o.f.core.internal.command.DbMigrate      : Schema "public" is up to date. No migration necessary.
2026-08-21T04:23:00.700+07:00  INFO 16668 --- [blogsystem] [           main] org.hibernate.orm.jpa                    : HHH008540: Processing PersistenceUnitInfo [name: default]
2026-08-21T04:23:00.738+07:00  INFO 16668 --- [blogsystem] [           main] o.s.o.j.p.SpringPersistenceUnitInfo      : No LoadTimeWeaver setup: ignoring JPA class transformer
2026-08-21T04:23:00.761+07:00  INFO 16668 --- [blogsystem] [           main] org.hibernate.orm.connections.pooling    : HHH10001005: Database info:
	Database JDBC URL [jdbc:postgresql://localhost:5432/blogsystemdb]
	Database driver: PostgreSQL JDBC Driver
	Database dialect: PostgreSQLDialect
	Database version: 18.3
	Default catalog/schema: blogsystemdb/public
	Autocommit mode: undefined/unknown
	Isolation level: READ_COMMITTED [default READ_COMMITTED]
	JDBC fetch size: none
	Pool: DataSourceConnectionProvider
	Minimum pool size: undefined/unknown
	Maximum pool size: undefined/unknown
2026-08-21T04:23:00.998+07:00  INFO 16668 --- [blogsystem] [           main] org.hibernate.orm.core                   : HHH000489: No JTA platform available (set 'hibernate.transaction.jta.platform' to enable JTA platform integration)
2026-08-21T04:23:01.043+07:00  INFO 16668 --- [blogsystem] [           main] j.LocalContainerEntityManagerFactoryBean : Initialized JPA EntityManagerFactory for persistence unit 'default'
2026-08-21T04:23:01.321+07:00  INFO 16668 --- [blogsystem] [           main] r$InitializeUserDetailsManagerConfigurer : Global AuthenticationManager configured with UserDetailsService bean with name customUserDetailsService
2026-08-21T04:23:01.668+07:00 DEBUG 16668 --- [blogsystem] [           main] o.s.s.web.DefaultSecurityFilterChain     : Will secure any request with filters: DisableEncodeUrlFilter, WebAsyncManagerIntegrationFilter, SecurityContextHolderFilter, HeaderWriterFilter, CorsFilter, LogoutFilter, RateLimitFilter, JwtAuthenticationFilter, RequestCacheAwareFilter, SecurityContextHolderAwareRequestFilter, AnonymousAuthenticationFilter, SessionManagementFilter, ExceptionTranslationFilter, AuthorizationFilter
2026-08-21T04:23:01.972+07:00 DEBUG 16668 --- [blogsystem] [           main] c.b.b.security.JwtAuthenticationFilter   : Filter 'jwtAuthenticationFilter' configured for use
2026-08-21T04:23:01.972+07:00 DEBUG 16668 --- [blogsystem] [           main] c.b.blogsystem.security.RateLimitFilter  : Filter 'rateLimitFilter' configured for use
2026-08-21T04:23:01.973+07:00  INFO 16668 --- [blogsystem] [           main] o.s.b.t.m.w.SpringBootMockServletContext : Initializing Spring TestDispatcherServlet ''
2026-08-21T04:23:01.974+07:00  INFO 16668 --- [blogsystem] [           main] o.s.t.web.servlet.TestDispatcherServlet  : Initializing Servlet ''
2026-08-21T04:23:01.976+07:00  INFO 16668 --- [blogsystem] [           main] o.s.t.web.servlet.TestDispatcherServlet  : Completed initialization in 2 ms
2026-08-21T04:23:02.037+07:00  INFO 16668 --- [blogsystem] [           main] c.b.b.controller.AuthControllerTest      : Started AuthControllerTest in 2.261 seconds (process running for 17.557)
Hibernate: 
    select
        r1_0.id,
        r1_0.description,
        r1_0.role_name 
    from
        roles r1_0 
    where
        r1_0.role_name=?
Hibernate: 
    select
        r1_0.id,
        r1_0.description,
        r1_0.role_name 
    from
        roles r1_0 
    where
        r1_0.role_name=?
Hibernate: 
    select
        r1_0.id,
        r1_0.description,
        r1_0.role_name 
    from
        roles r1_0 
    where
        r1_0.role_name=?
Hibernate: 
    select
        r1_0.id,
        r1_0.description,
        r1_0.role_name 
    from
        roles r1_0 
    where
        r1_0.role_name=?
Hibernate: 
    select
        u1_0.id 
    from
        users u1_0 
    where
        u1_0.username=? 
    fetch
        first ? rows only
Hibernate: 
    select
        r1_0.id,
        r1_0.description,
        r1_0.role_name 
    from
        roles r1_0 
    where
        r1_0.role_name=?
2026-08-21T04:23:02.312+07:00 DEBUG 16668 --- [blogsystem] [           main] o.s.security.web.FilterChainProxy        : Securing POST /api/auth/refresh
2026-08-21T04:23:02.326+07:00 DEBUG 16668 --- [blogsystem] [           main] o.s.s.w.a.AnonymousAuthenticationFilter  : Set SecurityContextHolder to anonymous SecurityContext
2026-08-21T04:23:02.329+07:00 DEBUG 16668 --- [blogsystem] [           main] o.s.security.web.FilterChainProxy        : Secured POST /api/auth/refresh
Hibernate: 
    insert 
    into
        users
        (avatar, biography, cover_image, created_at, email, followers_count, following_count, full_name, is_active, password_hash, updated_at, username, id) 
    values
        (?, ?, ?, ?, ?, ?, ?, ?, ?, ?, ?, ?, ?)
Hibernate: 
    insert 
    into
        refresh_tokens
        (created_at, device_info, expires_at, family_id, revoked, token_hash, user_id, id) 
    values
        (?, ?, ?, ?, ?, ?, ?, ?)
Hibernate: 
    insert 
    into
        user_roles
        (user_id, role_id) 
    values
        (?, ?)
Hibernate: 
    select
        rt1_0.id,
        rt1_0.created_at,
        rt1_0.device_info,
        rt1_0.expires_at,
        rt1_0.family_id,
        rt1_0.revoked,
        rt1_0.token_hash,
        rt1_0.user_id 
    from
        refresh_tokens rt1_0 
    where
        rt1_0.token_hash=?
Hibernate: 
    update
        refresh_tokens 
    set
        device_info=?,
        expires_at=?,
        revoked=?,
        token_hash=?,
        user_id=? 
    where
        id=?
Hibernate: 
    select
        count(rt1_0.id) 
    from
        refresh_tokens rt1_0 
    where
        rt1_0.user_id=? 
        and rt1_0.revoked=false 
        and rt1_0.expires_at>localtimestamp
Hibernate: 
    insert 
    into
        refresh_tokens
        (created_at, device_info, expires_at, family_id, revoked, token_hash, user_id, id) 
    values
        (?, ?, ?, ?, ?, ?, ?, ?)
Hibernate: 
    select
        rt1_0.id,
        rt1_0.created_at,
        rt1_0.device_info,
        rt1_0.expires_at,
        rt1_0.family_id,
        rt1_0.revoked,
        rt1_0.token_hash,
        rt1_0.user_id 
    from
        refresh_tokens rt1_0 
    where
        rt1_0.token_hash=? 
        and rt1_0.revoked=false
2026-08-21T04:23:02.728+07:00 DEBUG 16668 --- [blogsystem] [           main] o.s.security.web.FilterChainProxy        : Securing POST /api/auth/login
2026-08-21T04:23:02.728+07:00 DEBUG 16668 --- [blogsystem] [           main] o.s.s.w.a.AnonymousAuthenticationFilter  : Set SecurityContextHolder to anonymous SecurityContext
2026-08-21T04:23:02.728+07:00 DEBUG 16668 --- [blogsystem] [           main] o.s.security.web.FilterChainProxy        : Secured POST /api/auth/login
Hibernate: 
    select
        u1_0.id,
        u1_0.avatar,
        u1_0.biography,
        u1_0.cover_image,
        u1_0.created_at,
        u1_0.email,
        u1_0.followers_count,
        u1_0.following_count,
        u1_0.full_name,
        u1_0.is_active,
        u1_0.password_hash,
        u1_0.updated_at,
        u1_0.username 
    from
        users u1_0 
    where
        u1_0.username=?
2026-08-21T04:23:02.895+07:00 DEBUG 16668 --- [blogsystem] [           main] o.s.s.a.dao.DaoAuthenticationProvider    : Failed to find user 'admin_fake'
2026-08-21T04:23:02.898+07:00 DEBUG 16668 --- [blogsystem] [           main] o.s.s.authentication.ProviderManager     : Authentication failed with provider DaoAuthenticationProvider since Bad credentials
Hibernate: 
    select
        r1_0.id,
        r1_0.description,
        r1_0.role_name 
    from
        roles r1_0 
    where
        r1_0.role_name=?
2026-08-21T04:23:03.046+07:00 DEBUG 16668 --- [blogsystem] [           main] o.s.security.web.FilterChainProxy        : Securing POST /api/auth/refresh
2026-08-21T04:23:03.046+07:00 DEBUG 16668 --- [blogsystem] [           main] o.s.s.w.a.AnonymousAuthenticationFilter  : Set SecurityContextHolder to anonymous SecurityContext
2026-08-21T04:23:03.047+07:00 DEBUG 16668 --- [blogsystem] [           main] o.s.security.web.FilterChainProxy        : Secured POST /api/auth/refresh
Hibernate: 
    select
        r1_0.id,
        r1_0.description,
        r1_0.role_name 
    from
        roles r1_0 
    where
        r1_0.role_name=?
2026-08-21T04:23:03.133+07:00 DEBUG 16668 --- [blogsystem] [           main] o.s.security.web.FilterChainProxy        : Securing POST /api/auth/login
2026-08-21T04:23:03.134+07:00 DEBUG 16668 --- [blogsystem] [           main] o.s.s.w.a.AnonymousAuthenticationFilter  : Set SecurityContextHolder to anonymous SecurityContext
2026-08-21T04:23:03.134+07:00 DEBUG 16668 --- [blogsystem] [           main] o.s.security.web.FilterChainProxy        : Secured POST /api/auth/login
Hibernate: 
    insert 
    into
        users
        (avatar, biography, cover_image, created_at, email, followers_count, following_count, full_name, is_active, password_hash, updated_at, username, id) 
    values
        (?, ?, ?, ?, ?, ?, ?, ?, ?, ?, ?, ?, ?)
Hibernate: 
    insert 
    into
        user_roles
        (user_id, role_id) 
    values
        (?, ?)
Hibernate: 
    select
        u1_0.id,
        u1_0.avatar,
        u1_0.biography,
        u1_0.cover_image,
        u1_0.created_at,
        u1_0.email,
        u1_0.followers_count,
        u1_0.following_count,
        u1_0.full_name,
        u1_0.is_active,
        u1_0.password_hash,
        u1_0.updated_at,
        u1_0.username 
    from
        users u1_0 
    where
        u1_0.username=?
2026-08-21T04:23:03.222+07:00 DEBUG 16668 --- [blogsystem] [           main] o.s.s.a.dao.DaoAuthenticationProvider    : Authenticated user
Hibernate: 
    select
        u1_0.id,
        u1_0.avatar,
        u1_0.biography,
        u1_0.cover_image,
        u1_0.created_at,
        u1_0.email,
        u1_0.followers_count,
        u1_0.following_count,
        u1_0.full_name,
        u1_0.is_active,
        u1_0.password_hash,
        u1_0.updated_at,
        u1_0.username 
    from
        users u1_0 
    where
        u1_0.username=?
Hibernate: 
    select
        count(rt1_0.id) 
    from
        refresh_tokens rt1_0 
    where
        rt1_0.user_id=? 
        and rt1_0.revoked=false 
        and rt1_0.expires_at>localtimestamp
Hibernate: 
    select
        r1_0.id,
        r1_0.description,
        r1_0.role_name 
    from
        roles r1_0 
    where
        r1_0.role_name=?
2026-08-21T04:23:03.327+07:00 DEBUG 16668 --- [blogsystem] [           main] o.s.security.web.FilterChainProxy        : Securing POST /api/auth/refresh
2026-08-21T04:23:03.327+07:00 DEBUG 16668 --- [blogsystem] [           main] o.s.s.w.a.AnonymousAuthenticationFilter  : Set SecurityContextHolder to anonymous SecurityContext
2026-08-21T04:23:03.327+07:00 DEBUG 16668 --- [blogsystem] [           main] o.s.security.web.FilterChainProxy        : Secured POST /api/auth/refresh
Hibernate: 
    insert 
    into
        users
        (avatar, biography, cover_image, created_at, email, followers_count, following_count, full_name, is_active, password_hash, updated_at, username, id) 
    values
        (?, ?, ?, ?, ?, ?, ?, ?, ?, ?, ?, ?, ?)
Hibernate: 
    insert 
    into
        refresh_tokens
        (created_at, device_info, expires_at, family_id, revoked, token_hash, user_id, id) 
    values
        (?, ?, ?, ?, ?, ?, ?, ?)
Hibernate: 
    insert 
    into
        user_roles
        (user_id, role_id) 
    values
        (?, ?)
Hibernate: 
    select
        rt1_0.id,
        rt1_0.created_at,
        rt1_0.device_info,
        rt1_0.expires_at,
        rt1_0.family_id,
        rt1_0.revoked,
        rt1_0.token_hash,
        rt1_0.user_id 
    from
        refresh_tokens rt1_0 
    where
        rt1_0.token_hash=?
Hibernate: 
    update
        refresh_tokens 
    set
        device_info=?,
        expires_at=?,
        revoked=?,
        token_hash=?,
        user_id=? 
    where
        id=?
Hibernate: 
    select
        count(rt1_0.id) 
    from
        refresh_tokens rt1_0 
    where
        rt1_0.user_id=? 
        and rt1_0.revoked=false 
        and rt1_0.expires_at>localtimestamp
Hibernate: 
    select
        r1_0.id,
        r1_0.description,
        r1_0.role_name 
    from
        roles r1_0 
    where
        r1_0.role_name=?
2026-08-21T04:23:03.436+07:00 DEBUG 16668 --- [blogsystem] [           main] o.s.security.web.FilterChainProxy        : Securing POST /api/auth/register
2026-08-21T04:23:03.436+07:00 DEBUG 16668 --- [blogsystem] [           main] o.s.s.w.a.AnonymousAuthenticationFilter  : Set SecurityContextHolder to anonymous SecurityContext
2026-08-21T04:23:03.438+07:00 DEBUG 16668 --- [blogsystem] [           main] o.s.security.web.FilterChainProxy        : Secured POST /api/auth/register
Hibernate: 
    insert 
    into
        users
        (avatar, biography, cover_image, created_at, email, followers_count, following_count, full_name, is_active, password_hash, updated_at, username, id) 
    values
        (?, ?, ?, ?, ?, ?, ?, ?, ?, ?, ?, ?, ?)
Hibernate: 
    insert 
    into
        user_roles
        (user_id, role_id) 
    values
        (?, ?)
Hibernate: 
    select
        u1_0.id 
    from
        users u1_0 
    where
        u1_0.username=? 
    fetch
        first ? rows only
Hibernate: 
    select
        r1_0.id,
        r1_0.description,
        r1_0.role_name 
    from
        roles r1_0 
    where
        r1_0.role_name=?
2026-08-21T04:23:03.557+07:00 DEBUG 16668 --- [blogsystem] [           main] o.s.security.web.FilterChainProxy        : Securing POST /api/auth/refresh
2026-08-21T04:23:03.558+07:00 DEBUG 16668 --- [blogsystem] [           main] o.s.s.w.a.AnonymousAuthenticationFilter  : Set SecurityContextHolder to anonymous SecurityContext
2026-08-21T04:23:03.558+07:00 DEBUG 16668 --- [blogsystem] [           main] o.s.security.web.FilterChainProxy        : Secured POST /api/auth/refresh
Hibernate: 
    insert 
    into
        users
        (avatar, biography, cover_image, created_at, email, followers_count, following_count, full_name, is_active, password_hash, updated_at, username, id) 
    values
        (?, ?, ?, ?, ?, ?, ?, ?, ?, ?, ?, ?, ?)
Hibernate: 
    insert 
    into
        refresh_tokens
        (created_at, device_info, expires_at, family_id, revoked, token_hash, user_id, id) 
    values
        (?, ?, ?, ?, ?, ?, ?, ?)
Hibernate: 
    update
        refresh_tokens 
    set
        device_info=?,
        expires_at=?,
        revoked=?,
        token_hash=?,
        user_id=? 
    where
        id=?
Hibernate: 
    insert 
    into
        user_roles
        (user_id, role_id) 
    values
        (?, ?)
Hibernate: 
    select
        rt1_0.id,
        rt1_0.created_at,
        rt1_0.device_info,
        rt1_0.expires_at,
        rt1_0.family_id,
        rt1_0.revoked,
        rt1_0.token_hash,
        rt1_0.user_id 
    from
        refresh_tokens rt1_0 
    where
        rt1_0.token_hash=?
2026-08-21T04:23:03.572+07:00  WARN 16668 --- [blogsystem] [           main] c.b.b.service.impl.AuthServiceImpl       : ?? TOKEN REUSE DETECTED! familyId=88dd0d0f-b097-4f71-b367-5eb276c739ac, user=revoked_7b88ae43, tokenHash=bec41a48d6a9bb55ec5a08155ee4cc0e6af1dc1f5a638617f286155d39ff0e9f
Hibernate: 
    update
        refresh_tokens rt1_0 
    set
        revoked=true 
    where
        rt1_0.family_id=? 
        and rt1_0.revoked=false
2026-08-21T04:23:03.606+07:00 DEBUG 16668 --- [blogsystem] [           main] o.s.security.web.FilterChainProxy        : Securing POST /api/auth/login
2026-08-21T04:23:03.606+07:00 DEBUG 16668 --- [blogsystem] [           main] o.s.s.w.a.AnonymousAuthenticationFilter  : Set SecurityContextHolder to anonymous SecurityContext
2026-08-21T04:23:03.606+07:00 DEBUG 16668 --- [blogsystem] [           main] o.s.security.web.FilterChainProxy        : Secured POST /api/auth/login
2026-08-21T04:23:03.633+07:00 DEBUG 16668 --- [blogsystem] [           main] o.s.security.web.FilterChainProxy        : Securing POST /api/auth/refresh
2026-08-21T04:23:03.633+07:00 DEBUG 16668 --- [blogsystem] [           main] o.s.s.w.a.AnonymousAuthenticationFilter  : Set SecurityContextHolder to anonymous SecurityContext
2026-08-21T04:23:03.634+07:00 DEBUG 16668 --- [blogsystem] [           main] o.s.security.web.FilterChainProxy        : Secured POST /api/auth/refresh
2026-08-21T04:23:03.651+07:00 DEBUG 16668 --- [blogsystem] [           main] o.s.security.web.FilterChainProxy        : Securing POST /api/auth/register
2026-08-21T04:23:03.652+07:00 DEBUG 16668 --- [blogsystem] [           main] o.s.s.w.a.AnonymousAuthenticationFilter  : Set SecurityContextHolder to anonymous SecurityContext
2026-08-21T04:23:03.652+07:00 DEBUG 16668 --- [blogsystem] [           main] o.s.security.web.FilterChainProxy        : Secured POST /api/auth/register
Hibernate: 
    select
        u1_0.id 
    from
        users u1_0 
    where
        u1_0.username=? 
    fetch
        first ? rows only
Hibernate: 
    select
        u1_0.id 
    from
        users u1_0 
    where
        u1_0.email=? 
    fetch
        first ? rows only
Hibernate: 
    select
        r1_0.id,
        r1_0.description,
        r1_0.role_name 
    from
        roles r1_0 
    where
        r1_0.role_name=?
Hibernate: 
    select
        r1_0.id,
        r1_0.description,
        r1_0.role_name 
    from
        roles r1_0 
    where
        r1_0.role_name=?
2026-08-21T04:23:03.835+07:00 DEBUG 16668 --- [blogsystem] [           main] o.s.security.web.FilterChainProxy        : Securing POST /api/auth/login
2026-08-21T04:23:03.836+07:00 DEBUG 16668 --- [blogsystem] [           main] o.s.s.w.a.AnonymousAuthenticationFilter  : Set SecurityContextHolder to anonymous SecurityContext
2026-08-21T04:23:03.836+07:00 DEBUG 16668 --- [blogsystem] [           main] o.s.security.web.FilterChainProxy        : Secured POST /api/auth/login
Hibernate: 
    insert 
    into
        users
        (avatar, biography, cover_image, created_at, email, followers_count, following_count, full_name, is_active, password_hash, updated_at, username, id) 
    values
        (?, ?, ?, ?, ?, ?, ?, ?, ?, ?, ?, ?, ?)
Hibernate: 
    insert 
    into
        user_roles
        (user_id, role_id) 
    values
        (?, ?)
Hibernate: 
    select
        u1_0.id,
        u1_0.avatar,
        u1_0.biography,
        u1_0.cover_image,
        u1_0.created_at,
        u1_0.email,
        u1_0.followers_count,
        u1_0.following_count,
        u1_0.full_name,
        u1_0.is_active,
        u1_0.password_hash,
        u1_0.updated_at,
        u1_0.username 
    from
        users u1_0 
    where
        u1_0.username=?
2026-08-21T04:23:03.906+07:00 DEBUG 16668 --- [blogsystem] [           main] o.s.s.a.dao.DaoAuthenticationProvider    : Authenticated user
Hibernate: 
    select
        u1_0.id,
        u1_0.avatar,
        u1_0.biography,
        u1_0.cover_image,
        u1_0.created_at,
        u1_0.email,
        u1_0.followers_count,
        u1_0.following_count,
        u1_0.full_name,
        u1_0.is_active,
        u1_0.password_hash,
        u1_0.updated_at,
        u1_0.username 
    from
        users u1_0 
    where
        u1_0.username=?
Hibernate: 
    select
        count(rt1_0.id) 
    from
        refresh_tokens rt1_0 
    where
        rt1_0.user_id=? 
        and rt1_0.revoked=false 
        and rt1_0.expires_at>localtimestamp
Hibernate: 
    insert 
    into
        refresh_tokens
        (created_at, device_info, expires_at, family_id, revoked, token_hash, user_id, id) 
    values
        (?, ?, ?, ?, ?, ?, ?, ?)
Hibernate: 
    select
        rt1_0.id,
        rt1_0.created_at,
        rt1_0.device_info,
        rt1_0.expires_at,
        rt1_0.family_id,
        rt1_0.revoked,
        rt1_0.token_hash,
        rt1_0.user_id 
    from
        refresh_tokens rt1_0 
    where
        rt1_0.user_id=? 
        and rt1_0.revoked=false 
    order by
        rt1_0.created_at desc
2026-08-21T04:23:03.942+07:00 DEBUG 16668 --- [blogsystem] [           main] o.s.security.web.FilterChainProxy        : Securing POST /api/auth/logout
2026-08-21T04:23:03.942+07:00 DEBUG 16668 --- [blogsystem] [           main] o.s.s.w.a.AnonymousAuthenticationFilter  : Set SecurityContextHolder to anonymous SecurityContext
2026-08-21T04:23:03.942+07:00 DEBUG 16668 --- [blogsystem] [           main] o.s.security.web.FilterChainProxy        : Secured POST /api/auth/logout
Hibernate: 
    select
        u1_0.id,
        u1_0.avatar,
        u1_0.biography,
        u1_0.cover_image,
        u1_0.created_at,
        u1_0.email,
        u1_0.followers_count,
        u1_0.following_count,
        u1_0.full_name,
        u1_0.is_active,
        u1_0.password_hash,
        u1_0.updated_at,
        u1_0.username 
    from
        users u1_0 
    where
        u1_0.username=?
Hibernate: 
    select
        r1_0.id,
        r1_0.description,
        r1_0.role_name 
    from
        roles r1_0 
    where
        r1_0.role_name=?
2026-08-21T04:23:04.031+07:00 DEBUG 16668 --- [blogsystem] [           main] o.s.security.web.FilterChainProxy        : Securing POST /api/auth/login
2026-08-21T04:23:04.032+07:00 DEBUG 16668 --- [blogsystem] [           main] o.s.s.w.a.AnonymousAuthenticationFilter  : Set SecurityContextHolder to anonymous SecurityContext
2026-08-21T04:23:04.032+07:00 DEBUG 16668 --- [blogsystem] [           main] o.s.security.web.FilterChainProxy        : Secured POST /api/auth/login
Hibernate: 
    insert 
    into
        users
        (avatar, biography, cover_image, created_at, email, followers_count, following_count, full_name, is_active, password_hash, updated_at, username, id) 
    values
        (?, ?, ?, ?, ?, ?, ?, ?, ?, ?, ?, ?, ?)
Hibernate: 
    insert 
    into
        user_roles
        (user_id, role_id) 
    values
        (?, ?)
Hibernate: 
    select
        u1_0.id,
        u1_0.avatar,
        u1_0.biography,
        u1_0.cover_image,
        u1_0.created_at,
        u1_0.email,
        u1_0.followers_count,
        u1_0.following_count,
        u1_0.full_name,
        u1_0.is_active,
        u1_0.password_hash,
        u1_0.updated_at,
        u1_0.username 
    from
        users u1_0 
    where
        u1_0.username=?
2026-08-21T04:23:04.096+07:00 DEBUG 16668 --- [blogsystem] [           main] o.s.s.a.dao.DaoAuthenticationProvider    : Authenticated user
Hibernate: 
    select
        u1_0.id,
        u1_0.avatar,
        u1_0.biography,
        u1_0.cover_image,
        u1_0.created_at,
        u1_0.email,
        u1_0.followers_count,
        u1_0.following_count,
        u1_0.full_name,
        u1_0.is_active,
        u1_0.password_hash,
        u1_0.updated_at,
        u1_0.username 
    from
        users u1_0 
    where
        u1_0.username=?
Hibernate: 
    select
        count(rt1_0.id) 
    from
        refresh_tokens rt1_0 
    where
        rt1_0.user_id=? 
        and rt1_0.revoked=false 
        and rt1_0.expires_at>localtimestamp
2026-08-21T04:23:04.112+07:00 DEBUG 16668 --- [blogsystem] [           main] o.s.security.web.FilterChainProxy        : Securing POST /api/auth/logout
Hibernate: 
    select
        u1_0.id,
        u1_0.avatar,
        u1_0.biography,
        u1_0.cover_image,
        u1_0.created_at,
        u1_0.email,
        u1_0.followers_count,
        u1_0.following_count,
        u1_0.full_name,
        u1_0.is_active,
        u1_0.password_hash,
        u1_0.updated_at,
        u1_0.username 
    from
        users u1_0 
    where
        u1_0.username=?
2026-08-21T04:23:04.119+07:00 DEBUG 16668 --- [blogsystem] [           main] o.s.security.web.FilterChainProxy        : Secured POST /api/auth/logout
Hibernate: 
    select
        u1_0.id,
        u1_0.avatar,
        u1_0.biography,
        u1_0.cover_image,
        u1_0.created_at,
        u1_0.email,
        u1_0.followers_count,
        u1_0.following_count,
        u1_0.full_name,
        u1_0.is_active,
        u1_0.password_hash,
        u1_0.updated_at,
        u1_0.username 
    from
        users u1_0 
    where
        u1_0.username=?
Hibernate: 
    insert 
    into
        refresh_tokens
        (created_at, device_info, expires_at, family_id, revoked, token_hash, user_id, id) 
    values
        (?, ?, ?, ?, ?, ?, ?, ?)
Hibernate: 
    update
        refresh_tokens rt1_0 
    set
        revoked=true 
    where
        rt1_0.user_id=? 
        and rt1_0.revoked=false
Hibernate: 
    select
        rt1_0.id,
        rt1_0.created_at,
        rt1_0.device_info,
        rt1_0.expires_at,
        rt1_0.family_id,
        rt1_0.revoked,
        rt1_0.token_hash,
        rt1_0.user_id 
    from
        refresh_tokens rt1_0 
    where
        rt1_0.user_id=? 
        and rt1_0.revoked=false 
    order by
        rt1_0.created_at desc
[INFO] Tests run: 13, Failures: 0, Errors: 0, Skipped: 0, Time elapsed: 4.453 s -- in com.blog.blogsystem.controller.AuthControllerTest
[INFO] Running com.blog.blogsystem.controller.BookmarkControllerTest
2026-08-21T04:23:04.140+07:00  INFO 16668 --- [blogsystem] [           main] t.c.s.AnnotationConfigContextLoaderUtils : Could not detect default configuration classes for test class [com.blog.blogsystem.controller.BookmarkControllerTest]: BookmarkControllerTest does not declare any static, non-private, non-final, nested classes annotated with @Configuration.
2026-08-21T04:23:04.143+07:00  INFO 16668 --- [blogsystem] [           main] .b.t.c.SpringBootTestContextBootstrapper : Found @SpringBootConfiguration com.blog.blogsystem.BlogsystemApplication for test class com.blog.blogsystem.controller.BookmarkControllerTest
2026-08-21T04:23:04.144+07:00  INFO 16668 --- [blogsystem] [           main] t.c.s.AnnotationConfigContextLoaderUtils : Could not detect default configuration classes for test class [com.blog.blogsystem.controller.BookmarkControllerTest]: BookmarkControllerTest does not declare any static, non-private, non-final, nested classes annotated with @Configuration.
2026-08-21T04:23:04.147+07:00  INFO 16668 --- [blogsystem] [           main] .b.t.c.SpringBootTestContextBootstrapper : Found @SpringBootConfiguration com.blog.blogsystem.BlogsystemApplication for test class com.blog.blogsystem.controller.BookmarkControllerTest
2026-08-21T04:23:04.159+07:00 DEBUG 16668 --- [blogsystem] [           main] o.s.security.web.FilterChainProxy        : Securing GET /api/bookmarks/me
2026-08-21T04:23:04.159+07:00 DEBUG 16668 --- [blogsystem] [           main] o.s.s.w.a.AnonymousAuthenticationFilter  : Set SecurityContextHolder to anonymous SecurityContext
2026-08-21T04:23:04.161+07:00 DEBUG 16668 --- [blogsystem] [           main] o.s.s.w.a.Http403ForbiddenEntryPoint     : Pre-authenticated entry point called. Rejecting access
Hibernate: 
    select
        r1_0.id,
        r1_0.description,
        r1_0.role_name 
    from
        roles r1_0 
    where
        r1_0.role_name=?
Hibernate: 
    select
        r1_0.id,
        r1_0.description,
        r1_0.role_name 
    from
        roles r1_0 
    where
        r1_0.role_name=?
2026-08-21T04:23:04.335+07:00 DEBUG 16668 --- [blogsystem] [           main] o.s.security.web.FilterChainProxy        : Securing GET /api/bookmarks/50e86bd5-5816-4902-8009-538dcacc3d91/status
2026-08-21T04:23:04.336+07:00 DEBUG 16668 --- [blogsystem] [           main] o.s.security.web.FilterChainProxy        : Secured GET /api/bookmarks/50e86bd5-5816-4902-8009-538dcacc3d91/status
2026-08-21T04:23:04.341+07:00 DEBUG 16668 --- [blogsystem] [           main] horizationManagerBeforeMethodInterceptor : Authorizing method invocation ReflectiveMethodInvocation: public org.springframework.http.ResponseEntity com.blog.blogsystem.controller.BookmarkController.checkBookmarkStatus(java.util.UUID); target is of class [com.blog.blogsystem.controller.BookmarkController]
2026-08-21T04:23:04.364+07:00 DEBUG 16668 --- [blogsystem] [           main] horizationManagerBeforeMethodInterceptor : Authorized method invocation ReflectiveMethodInvocation: public org.springframework.http.ResponseEntity com.blog.blogsystem.controller.BookmarkController.checkBookmarkStatus(java.util.UUID); target is of class [com.blog.blogsystem.controller.BookmarkController]
Hibernate: 
    insert 
    into
        users
        (avatar, biography, cover_image, created_at, email, followers_count, following_count, full_name, is_active, password_hash, updated_at, username, id) 
    values
        (?, ?, ?, ?, ?, ?, ?, ?, ?, ?, ?, ?, ?)
Hibernate: 
    insert 
    into
        users
        (avatar, biography, cover_image, created_at, email, followers_count, following_count, full_name, is_active, password_hash, updated_at, username, id) 
    values
        (?, ?, ?, ?, ?, ?, ?, ?, ?, ?, ?, ?, ?)
Hibernate: 
    insert 
    into
        categories
        (created_at, description, name, slug, updated_at, id) 
    values
        (?, ?, ?, ?, ?, ?)
Hibernate: 
    insert 
    into
        posts
        (author_id, category_id, content_markdown, cover_image, created_at, likes_count, published_at, slug, status, summary, title, updated_at, view_count, id) 
    values
        (?, ?, ?, ?, ?, ?, ?, ?, ?, ?, ?, ?, ?, ?)
Hibernate: 
    insert 
    into
        user_roles
        (user_id, role_id) 
    values
        (?, ?)
Hibernate: 
    insert 
    into
        user_roles
        (user_id, role_id) 
    values
        (?, ?)
Hibernate: 
    select
        u1_0.id,
        u1_0.avatar,
        u1_0.biography,
        u1_0.cover_image,
        u1_0.created_at,
        u1_0.email,
        u1_0.followers_count,
        u1_0.following_count,
        u1_0.full_name,
        u1_0.is_active,
        u1_0.password_hash,
        u1_0.updated_at,
        u1_0.username 
    from
        users u1_0 
    where
        u1_0.username=?
Hibernate: 
    select
        b1_0.id,
        b1_0.created_at,
        b1_0.post_id,
        b1_0.user_id 
    from
        bookmarks b1_0 
    where
        b1_0.user_id=? 
        and b1_0.post_id=?
Hibernate: 
    select
        r1_0.id,
        r1_0.description,
        r1_0.role_name 
    from
        roles r1_0 
    where
        r1_0.role_name=?
Hibernate: 
    select
        r1_0.id,
        r1_0.description,
        r1_0.role_name 
    from
        roles r1_0 
    where
        r1_0.role_name=?
2026-08-21T04:23:04.560+07:00 DEBUG 16668 --- [blogsystem] [           main] o.s.security.web.FilterChainProxy        : Securing GET /api/bookmarks/me
2026-08-21T04:23:04.561+07:00 DEBUG 16668 --- [blogsystem] [           main] o.s.security.web.FilterChainProxy        : Secured GET /api/bookmarks/me
2026-08-21T04:23:04.563+07:00 DEBUG 16668 --- [blogsystem] [           main] horizationManagerBeforeMethodInterceptor : Authorizing method invocation ReflectiveMethodInvocation: public org.springframework.http.ResponseEntity com.blog.blogsystem.controller.BookmarkController.getMyBookmarks(int,int); target is of class [com.blog.blogsystem.controller.BookmarkController]
2026-08-21T04:23:04.564+07:00 DEBUG 16668 --- [blogsystem] [           main] horizationManagerBeforeMethodInterceptor : Authorized method invocation ReflectiveMethodInvocation: public org.springframework.http.ResponseEntity com.blog.blogsystem.controller.BookmarkController.getMyBookmarks(int,int); target is of class [com.blog.blogsystem.controller.BookmarkController]
Hibernate: 
    insert 
    into
        users
        (avatar, biography, cover_image, created_at, email, followers_count, following_count, full_name, is_active, password_hash, updated_at, username, id) 
    values
        (?, ?, ?, ?, ?, ?, ?, ?, ?, ?, ?, ?, ?)
Hibernate: 
    insert 
    into
        users
        (avatar, biography, cover_image, created_at, email, followers_count, following_count, full_name, is_active, password_hash, updated_at, username, id) 
    values
        (?, ?, ?, ?, ?, ?, ?, ?, ?, ?, ?, ?, ?)
Hibernate: 
    insert 
    into
        categories
        (created_at, description, name, slug, updated_at, id) 
    values
        (?, ?, ?, ?, ?, ?)
Hibernate: 
    insert 
    into
        posts
        (author_id, category_id, content_markdown, cover_image, created_at, likes_count, published_at, slug, status, summary, title, updated_at, view_count, id) 
    values
        (?, ?, ?, ?, ?, ?, ?, ?, ?, ?, ?, ?, ?, ?)
Hibernate: 
    insert 
    into
        bookmarks
        (created_at, post_id, user_id, id) 
    values
        (?, ?, ?, ?)
Hibernate: 
    insert 
    into
        user_roles
        (user_id, role_id) 
    values
        (?, ?)
Hibernate: 
    insert 
    into
        user_roles
        (user_id, role_id) 
    values
        (?, ?)
Hibernate: 
    select
        u1_0.id,
        u1_0.avatar,
        u1_0.biography,
        u1_0.cover_image,
        u1_0.created_at,
        u1_0.email,
        u1_0.followers_count,
        u1_0.following_count,
        u1_0.full_name,
        u1_0.is_active,
        u1_0.password_hash,
        u1_0.updated_at,
        u1_0.username 
    from
        users u1_0 
    where
        u1_0.username=?
Hibernate: 
    select
        b1_0.id,
        b1_0.created_at,
        b1_0.post_id,
        b1_0.user_id 
    from
        bookmarks b1_0 
    where
        b1_0.user_id=? 
    order by
        b1_0.created_at desc 
    fetch
        first ? rows only
Hibernate: 
    select
        r1_0.id,
        r1_0.description,
        r1_0.role_name 
    from
        roles r1_0 
    where
        r1_0.role_name=?
Hibernate: 
    select
        r1_0.id,
        r1_0.description,
        r1_0.role_name 
    from
        roles r1_0 
    where
        r1_0.role_name=?
2026-08-21T04:23:04.809+07:00 DEBUG 16668 --- [blogsystem] [           main] o.s.security.web.FilterChainProxy        : Securing POST /api/bookmarks/edbbb183-d697-48a5-a8a2-a103ff4b02ef
2026-08-21T04:23:04.811+07:00 DEBUG 16668 --- [blogsystem] [           main] o.s.security.web.FilterChainProxy        : Secured POST /api/bookmarks/edbbb183-d697-48a5-a8a2-a103ff4b02ef
2026-08-21T04:23:04.812+07:00 DEBUG 16668 --- [blogsystem] [           main] horizationManagerBeforeMethodInterceptor : Authorizing method invocation ReflectiveMethodInvocation: public org.springframework.http.ResponseEntity com.blog.blogsystem.controller.BookmarkController.toggleBookmark(java.util.UUID); target is of class [com.blog.blogsystem.controller.BookmarkController]
2026-08-21T04:23:04.813+07:00 DEBUG 16668 --- [blogsystem] [           main] horizationManagerBeforeMethodInterceptor : Authorized method invocation ReflectiveMethodInvocation: public org.springframework.http.ResponseEntity com.blog.blogsystem.controller.BookmarkController.toggleBookmark(java.util.UUID); target is of class [com.blog.blogsystem.controller.BookmarkController]
Hibernate: 
    insert 
    into
        users
        (avatar, biography, cover_image, created_at, email, followers_count, following_count, full_name, is_active, password_hash, updated_at, username, id) 
    values
        (?, ?, ?, ?, ?, ?, ?, ?, ?, ?, ?, ?, ?)
Hibernate: 
    insert 
    into
        users
        (avatar, biography, cover_image, created_at, email, followers_count, following_count, full_name, is_active, password_hash, updated_at, username, id) 
    values
        (?, ?, ?, ?, ?, ?, ?, ?, ?, ?, ?, ?, ?)
Hibernate: 
    insert 
    into
        categories
        (created_at, description, name, slug, updated_at, id) 
    values
        (?, ?, ?, ?, ?, ?)
Hibernate: 
    insert 
    into
        posts
        (author_id, category_id, content_markdown, cover_image, created_at, likes_count, published_at, slug, status, summary, title, updated_at, view_count, id) 
    values
        (?, ?, ?, ?, ?, ?, ?, ?, ?, ?, ?, ?, ?, ?)
Hibernate: 
    insert 
    into
        bookmarks
        (created_at, post_id, user_id, id) 
    values
        (?, ?, ?, ?)
Hibernate: 
    insert 
    into
        user_roles
        (user_id, role_id) 
    values
        (?, ?)
Hibernate: 
    insert 
    into
        user_roles
        (user_id, role_id) 
    values
        (?, ?)
Hibernate: 
    select
        u1_0.id,
        u1_0.avatar,
        u1_0.biography,
        u1_0.cover_image,
        u1_0.created_at,
        u1_0.email,
        u1_0.followers_count,
        u1_0.following_count,
        u1_0.full_name,
        u1_0.is_active,
        u1_0.password_hash,
        u1_0.updated_at,
        u1_0.username 
    from
        users u1_0 
    where
        u1_0.username=?
Hibernate: 
    select
        b1_0.id,
        b1_0.created_at,
        b1_0.post_id,
        b1_0.user_id 
    from
        bookmarks b1_0 
    where
        b1_0.user_id=? 
        and b1_0.post_id=?
Hibernate: 
    select
        r1_0.id,
        r1_0.description,
        r1_0.role_name 
    from
        roles r1_0 
    where
        r1_0.role_name=?
Hibernate: 
    select
        r1_0.id,
        r1_0.description,
        r1_0.role_name 
    from
        roles r1_0 
    where
        r1_0.role_name=?
2026-08-21T04:23:05.018+07:00 DEBUG 16668 --- [blogsystem] [           main] o.s.security.web.FilterChainProxy        : Securing POST /api/bookmarks/afd1b420-0e68-4bc1-9758-f8679419e824
2026-08-21T04:23:05.018+07:00 DEBUG 16668 --- [blogsystem] [           main] o.s.security.web.FilterChainProxy        : Secured POST /api/bookmarks/afd1b420-0e68-4bc1-9758-f8679419e824
2026-08-21T04:23:05.019+07:00 DEBUG 16668 --- [blogsystem] [           main] horizationManagerBeforeMethodInterceptor : Authorizing method invocation ReflectiveMethodInvocation: public org.springframework.http.ResponseEntity com.blog.blogsystem.controller.BookmarkController.toggleBookmark(java.util.UUID); target is of class [com.blog.blogsystem.controller.BookmarkController]
2026-08-21T04:23:05.020+07:00 DEBUG 16668 --- [blogsystem] [           main] horizationManagerBeforeMethodInterceptor : Authorized method invocation ReflectiveMethodInvocation: public org.springframework.http.ResponseEntity com.blog.blogsystem.controller.BookmarkController.toggleBookmark(java.util.UUID); target is of class [com.blog.blogsystem.controller.BookmarkController]
Hibernate: 
    insert 
    into
        users
        (avatar, biography, cover_image, created_at, email, followers_count, following_count, full_name, is_active, password_hash, updated_at, username, id) 
    values
        (?, ?, ?, ?, ?, ?, ?, ?, ?, ?, ?, ?, ?)
Hibernate: 
    insert 
    into
        users
        (avatar, biography, cover_image, created_at, email, followers_count, following_count, full_name, is_active, password_hash, updated_at, username, id) 
    values
        (?, ?, ?, ?, ?, ?, ?, ?, ?, ?, ?, ?, ?)
Hibernate: 
    insert 
    into
        categories
        (created_at, description, name, slug, updated_at, id) 
    values
        (?, ?, ?, ?, ?, ?)
Hibernate: 
    insert 
    into
        posts
        (author_id, category_id, content_markdown, cover_image, created_at, likes_count, published_at, slug, status, summary, title, updated_at, view_count, id) 
    values
        (?, ?, ?, ?, ?, ?, ?, ?, ?, ?, ?, ?, ?, ?)
Hibernate: 
    insert 
    into
        user_roles
        (user_id, role_id) 
    values
        (?, ?)
Hibernate: 
    insert 
    into
        user_roles
        (user_id, role_id) 
    values
        (?, ?)
Hibernate: 
    select
        u1_0.id,
        u1_0.avatar,
        u1_0.biography,
        u1_0.cover_image,
        u1_0.created_at,
        u1_0.email,
        u1_0.followers_count,
        u1_0.following_count,
        u1_0.full_name,
        u1_0.is_active,
        u1_0.password_hash,
        u1_0.updated_at,
        u1_0.username 
    from
        users u1_0 
    where
        u1_0.username=?
Hibernate: 
    select
        b1_0.id,
        b1_0.created_at,
        b1_0.post_id,
        b1_0.user_id 
    from
        bookmarks b1_0 
    where
        b1_0.user_id=? 
        and b1_0.post_id=?
Hibernate: 
    select
        r1_0.id,
        r1_0.description,
        r1_0.role_name 
    from
        roles r1_0 
    where
        r1_0.role_name=?
Hibernate: 
    select
        r1_0.id,
        r1_0.description,
        r1_0.role_name 
    from
        roles r1_0 
    where
        r1_0.role_name=?
2026-08-21T04:23:05.194+07:00 DEBUG 16668 --- [blogsystem] [           main] o.s.security.web.FilterChainProxy        : Securing GET /api/bookmarks/8357d6d9-4094-403d-a9b2-eb6219261380/status
2026-08-21T04:23:05.195+07:00 DEBUG 16668 --- [blogsystem] [           main] o.s.security.web.FilterChainProxy        : Secured GET /api/bookmarks/8357d6d9-4094-403d-a9b2-eb6219261380/status
2026-08-21T04:23:05.195+07:00 DEBUG 16668 --- [blogsystem] [           main] horizationManagerBeforeMethodInterceptor : Authorizing method invocation ReflectiveMethodInvocation: public org.springframework.http.ResponseEntity com.blog.blogsystem.controller.BookmarkController.checkBookmarkStatus(java.util.UUID); target is of class [com.blog.blogsystem.controller.BookmarkController]
2026-08-21T04:23:05.196+07:00 DEBUG 16668 --- [blogsystem] [           main] horizationManagerBeforeMethodInterceptor : Authorized method invocation ReflectiveMethodInvocation: public org.springframework.http.ResponseEntity com.blog.blogsystem.controller.BookmarkController.checkBookmarkStatus(java.util.UUID); target is of class [com.blog.blogsystem.controller.BookmarkController]
Hibernate: 
    insert 
    into
        users
        (avatar, biography, cover_image, created_at, email, followers_count, following_count, full_name, is_active, password_hash, updated_at, username, id) 
    values
        (?, ?, ?, ?, ?, ?, ?, ?, ?, ?, ?, ?, ?)
Hibernate: 
    insert 
    into
        users
        (avatar, biography, cover_image, created_at, email, followers_count, following_count, full_name, is_active, password_hash, updated_at, username, id) 
    values
        (?, ?, ?, ?, ?, ?, ?, ?, ?, ?, ?, ?, ?)
Hibernate: 
    insert 
    into
        categories
        (created_at, description, name, slug, updated_at, id) 
    values
        (?, ?, ?, ?, ?, ?)
Hibernate: 
    insert 
    into
        posts
        (author_id, category_id, content_markdown, cover_image, created_at, likes_count, published_at, slug, status, summary, title, updated_at, view_count, id) 
    values
        (?, ?, ?, ?, ?, ?, ?, ?, ?, ?, ?, ?, ?, ?)
Hibernate: 
    insert 
    into
        bookmarks
        (created_at, post_id, user_id, id) 
    values
        (?, ?, ?, ?)
Hibernate: 
    insert 
    into
        user_roles
        (user_id, role_id) 
    values
        (?, ?)
Hibernate: 
    insert 
    into
        user_roles
        (user_id, role_id) 
    values
        (?, ?)
Hibernate: 
    select
        u1_0.id,
        u1_0.avatar,
        u1_0.biography,
        u1_0.cover_image,
        u1_0.created_at,
        u1_0.email,
        u1_0.followers_count,
        u1_0.following_count,
        u1_0.full_name,
        u1_0.is_active,
        u1_0.password_hash,
        u1_0.updated_at,
        u1_0.username 
    from
        users u1_0 
    where
        u1_0.username=?
Hibernate: 
    select
        b1_0.id,
        b1_0.created_at,
        b1_0.post_id,
        b1_0.user_id 
    from
        bookmarks b1_0 
    where
        b1_0.user_id=? 
        and b1_0.post_id=?
[INFO] Tests run: 6, Failures: 0, Errors: 0, Skipped: 0, Time elapsed: 1.077 s -- in com.blog.blogsystem.controller.BookmarkControllerTest
[INFO] Running com.blog.blogsystem.controller.CategoryControllerTest
2026-08-21T04:23:05.220+07:00  INFO 16668 --- [blogsystem] [           main] t.c.s.AnnotationConfigContextLoaderUtils : Could not detect default configuration classes for test class [com.blog.blogsystem.controller.CategoryControllerTest]: CategoryControllerTest does not declare any static, non-private, non-final, nested classes annotated with @Configuration.
2026-08-21T04:23:05.223+07:00  INFO 16668 --- [blogsystem] [           main] .b.t.c.SpringBootTestContextBootstrapper : Found @SpringBootConfiguration com.blog.blogsystem.BlogsystemApplication for test class com.blog.blogsystem.controller.CategoryControllerTest
2026-08-21T04:23:05.224+07:00  INFO 16668 --- [blogsystem] [           main] t.c.s.AnnotationConfigContextLoaderUtils : Could not detect default configuration classes for test class [com.blog.blogsystem.controller.CategoryControllerTest]: CategoryControllerTest does not declare any static, non-private, non-final, nested classes annotated with @Configuration.
2026-08-21T04:23:05.226+07:00  INFO 16668 --- [blogsystem] [           main] .b.t.c.SpringBootTestContextBootstrapper : Found @SpringBootConfiguration com.blog.blogsystem.BlogsystemApplication for test class com.blog.blogsystem.controller.CategoryControllerTest
2026-08-21T04:23:05.241+07:00 DEBUG 16668 --- [blogsystem] [           main] o.s.security.web.FilterChainProxy        : Securing PUT /api/categories/e098a0a9-080f-4a64-9d3d-3c3defeabfae
2026-08-21T04:23:05.242+07:00 DEBUG 16668 --- [blogsystem] [           main] o.s.security.web.FilterChainProxy        : Secured PUT /api/categories/e098a0a9-080f-4a64-9d3d-3c3defeabfae
2026-08-21T04:23:05.270+07:00 DEBUG 16668 --- [blogsystem] [           main] o.s.security.web.FilterChainProxy        : Securing POST /api/categories
2026-08-21T04:23:05.270+07:00 DEBUG 16668 --- [blogsystem] [           main] o.s.security.web.FilterChainProxy        : Secured POST /api/categories
2026-08-21T04:23:05.272+07:00 DEBUG 16668 --- [blogsystem] [           main] horizationManagerBeforeMethodInterceptor : Authorizing method invocation ReflectiveMethodInvocation: public org.springframework.http.ResponseEntity com.blog.blogsystem.controller.CategoryController.createCategory(com.blog.blogsystem.dto.request.CategoryRequest); target is of class [com.blog.blogsystem.controller.CategoryController]
2026-08-21T04:23:05.273+07:00 DEBUG 16668 --- [blogsystem] [           main] horizationManagerBeforeMethodInterceptor : Failed to authorize ReflectiveMethodInvocation: public org.springframework.http.ResponseEntity com.blog.blogsystem.controller.CategoryController.createCategory(com.blog.blogsystem.dto.request.CategoryRequest); target is of class [com.blog.blogsystem.controller.CategoryController] with authorization manager org.springframework.security.authorization.method.PreAuthorizeAuthorizationManager@16caff76 and result ExpressionAuthorizationDecision [granted=false, expressionAttribute=hasAnyRole('ADMIN', 'EDITOR')]
2026-08-21T04:23:05.285+07:00 DEBUG 16668 --- [blogsystem] [           main] o.s.security.web.FilterChainProxy        : Securing DELETE /api/categories/39ab2232-48b5-4392-a4d4-20b6b9a89643
2026-08-21T04:23:05.286+07:00 DEBUG 16668 --- [blogsystem] [           main] o.s.security.web.FilterChainProxy        : Secured DELETE /api/categories/39ab2232-48b5-4392-a4d4-20b6b9a89643
2026-08-21T04:23:05.286+07:00 DEBUG 16668 --- [blogsystem] [           main] horizationManagerBeforeMethodInterceptor : Authorizing method invocation ReflectiveMethodInvocation: public org.springframework.http.ResponseEntity com.blog.blogsystem.controller.CategoryController.deleteCategory(java.util.UUID); target is of class [com.blog.blogsystem.controller.CategoryController]
2026-08-21T04:23:05.287+07:00 DEBUG 16668 --- [blogsystem] [           main] horizationManagerBeforeMethodInterceptor : Authorized method invocation ReflectiveMethodInvocation: public org.springframework.http.ResponseEntity com.blog.blogsystem.controller.CategoryController.deleteCategory(java.util.UUID); target is of class [com.blog.blogsystem.controller.CategoryController]
Hibernate: 
    select
        count(p1_0.id) 
    from
        posts p1_0 
    where
        p1_0.category_id=? 
        and p1_0.status='PUBLISHED'
2026-08-21T04:23:05.304+07:00 DEBUG 16668 --- [blogsystem] [           main] o.s.security.web.FilterChainProxy        : Securing POST /api/categories
2026-08-21T04:23:05.305+07:00 DEBUG 16668 --- [blogsystem] [           main] o.s.security.web.FilterChainProxy        : Secured POST /api/categories
2026-08-21T04:23:05.321+07:00 DEBUG 16668 --- [blogsystem] [           main] o.s.security.web.FilterChainProxy        : Securing POST /api/categories
2026-08-21T04:23:05.323+07:00 DEBUG 16668 --- [blogsystem] [           main] o.s.security.web.FilterChainProxy        : Secured POST /api/categories
2026-08-21T04:23:05.324+07:00 DEBUG 16668 --- [blogsystem] [           main] horizationManagerBeforeMethodInterceptor : Authorizing method invocation ReflectiveMethodInvocation: public org.springframework.http.ResponseEntity com.blog.blogsystem.controller.CategoryController.createCategory(com.blog.blogsystem.dto.request.CategoryRequest); target is of class [com.blog.blogsystem.controller.CategoryController]
2026-08-21T04:23:05.324+07:00 DEBUG 16668 --- [blogsystem] [           main] horizationManagerBeforeMethodInterceptor : Authorized method invocation ReflectiveMethodInvocation: public org.springframework.http.ResponseEntity com.blog.blogsystem.controller.CategoryController.createCategory(com.blog.blogsystem.dto.request.CategoryRequest); target is of class [com.blog.blogsystem.controller.CategoryController]
Hibernate: 
    select
        c1_0.id 
    from
        categories c1_0 
    where
        c1_0.slug=? 
    fetch
        first ? rows only
Hibernate: 
    select
        c1_0.id 
    from
        categories c1_0 
    where
        c1_0.name=? 
    fetch
        first ? rows only
2026-08-21T04:23:05.347+07:00 DEBUG 16668 --- [blogsystem] [           main] o.s.security.web.FilterChainProxy        : Securing GET /api/categories/slug/business-efe7d653
2026-08-21T04:23:05.348+07:00 DEBUG 16668 --- [blogsystem] [           main] o.s.s.w.a.AnonymousAuthenticationFilter  : Set SecurityContextHolder to anonymous SecurityContext
2026-08-21T04:23:05.348+07:00 DEBUG 16668 --- [blogsystem] [           main] o.s.security.web.FilterChainProxy        : Secured GET /api/categories/slug/business-efe7d653
Hibernate: 
    insert 
    into
        categories
        (created_at, description, name, slug, updated_at, id) 
    values
        (?, ?, ?, ?, ?, ?)
Hibernate: 
    select
        c1_0.id,
        c1_0.created_at,
        c1_0.description,
        c1_0.name,
        c1_0.slug,
        c1_0.updated_at 
    from
        categories c1_0 
    where
        c1_0.slug=?
Hibernate: 
    select
        count(p1_0.id) 
    from
        posts p1_0 
    where
        p1_0.category_id=? 
        and p1_0.status='PUBLISHED'
2026-08-21T04:23:05.371+07:00 DEBUG 16668 --- [blogsystem] [           main] o.s.security.web.FilterChainProxy        : Securing PUT /api/categories/7b453403-555d-4d0e-8a00-157d98a9f868
2026-08-21T04:23:05.371+07:00 DEBUG 16668 --- [blogsystem] [           main] o.s.security.web.FilterChainProxy        : Secured PUT /api/categories/7b453403-555d-4d0e-8a00-157d98a9f868
2026-08-21T04:23:05.373+07:00 DEBUG 16668 --- [blogsystem] [           main] horizationManagerBeforeMethodInterceptor : Authorizing method invocation ReflectiveMethodInvocation: public org.springframework.http.ResponseEntity com.blog.blogsystem.controller.CategoryController.updateCategory(java.util.UUID,com.blog.blogsystem.dto.request.CategoryRequest); target is of class [com.blog.blogsystem.controller.CategoryController]
2026-08-21T04:23:05.373+07:00 DEBUG 16668 --- [blogsystem] [           main] horizationManagerBeforeMethodInterceptor : Authorized method invocation ReflectiveMethodInvocation: public org.springframework.http.ResponseEntity com.blog.blogsystem.controller.CategoryController.updateCategory(java.util.UUID,com.blog.blogsystem.dto.request.CategoryRequest); target is of class [com.blog.blogsystem.controller.CategoryController]
Hibernate: 
    insert 
    into
        categories
        (created_at, description, name, slug, updated_at, id) 
    values
        (?, ?, ?, ?, ?, ?)
Hibernate: 
    select
        c1_0.id 
    from
        categories c1_0 
    where
        c1_0.slug=? 
        and c1_0.id<>? 
    fetch
        first ? rows only
Hibernate: 
    select
        count(p1_0.id) 
    from
        posts p1_0 
    where
        p1_0.category_id=? 
        and p1_0.status='PUBLISHED'
2026-08-21T04:23:05.392+07:00 DEBUG 16668 --- [blogsystem] [           main] o.s.security.web.FilterChainProxy        : Securing GET /api/categories
2026-08-21T04:23:05.393+07:00 DEBUG 16668 --- [blogsystem] [           main] o.s.s.w.a.AnonymousAuthenticationFilter  : Set SecurityContextHolder to anonymous SecurityContext
2026-08-21T04:23:05.393+07:00 DEBUG 16668 --- [blogsystem] [           main] o.s.security.web.FilterChainProxy        : Secured GET /api/categories
Hibernate: 
    insert 
    into
        categories
        (created_at, description, name, slug, updated_at, id) 
    values
        (?, ?, ?, ?, ?, ?)
Hibernate: 
    select
        c1_0.id,
        c1_0.created_at,
        c1_0.description,
        c1_0.name,
        c1_0.slug,
        c1_0.updated_at 
    from
        categories c1_0 
    order by
        c1_0.name
Hibernate: 
    select
        count(p1_0.id) 
    from
        posts p1_0 
    where
        p1_0.category_id=? 
        and p1_0.status='PUBLISHED'
Hibernate: 
    select
        count(p1_0.id) 
    from
        posts p1_0 
    where
        p1_0.category_id=? 
        and p1_0.status='PUBLISHED'
Hibernate: 
    select
        count(p1_0.id) 
    from
        posts p1_0 
    where
        p1_0.category_id=? 
        and p1_0.status='PUBLISHED'
Hibernate: 
    select
        count(p1_0.id) 
    from
        posts p1_0 
    where
        p1_0.category_id=? 
        and p1_0.status='PUBLISHED'
Hibernate: 
    select
        count(p1_0.id) 
    from
        posts p1_0 
    where
        p1_0.category_id=? 
        and p1_0.status='PUBLISHED'
Hibernate: 
    select
        count(p1_0.id) 
    from
        posts p1_0 
    where
        p1_0.category_id=? 
        and p1_0.status='PUBLISHED'
2026-08-21T04:23:05.475+07:00 DEBUG 16668 --- [blogsystem] [           main] o.s.security.web.FilterChainProxy        : Securing GET /api/categories/paged
2026-08-21T04:23:05.475+07:00 DEBUG 16668 --- [blogsystem] [           main] o.s.s.w.a.AnonymousAuthenticationFilter  : Set SecurityContextHolder to anonymous SecurityContext
2026-08-21T04:23:05.475+07:00 DEBUG 16668 --- [blogsystem] [           main] o.s.security.web.FilterChainProxy        : Secured GET /api/categories/paged
Hibernate: 
    insert 
    into
        categories
        (created_at, description, name, slug, updated_at, id) 
    values
        (?, ?, ?, ?, ?, ?)
Hibernate: 
    select
        c1_0.id,
        c1_0.created_at,
        c1_0.description,
        c1_0.name,
        c1_0.slug,
        c1_0.updated_at 
    from
        categories c1_0 
    order by
        c1_0.name 
    offset
        ? rows 
    fetch
        first ? rows only
Hibernate: 
    select
        count(c1_0.id) 
    from
        categories c1_0
Hibernate: 
    select
        count(p1_0.id) 
    from
        posts p1_0 
    where
        p1_0.category_id=? 
        and p1_0.status='PUBLISHED'
Hibernate: 
    select
        count(p1_0.id) 
    from
        posts p1_0 
    where
        p1_0.category_id=? 
        and p1_0.status='PUBLISHED'
Hibernate: 
    select
        count(p1_0.id) 
    from
        posts p1_0 
    where
        p1_0.category_id=? 
        and p1_0.status='PUBLISHED'
Hibernate: 
    select
        count(p1_0.id) 
    from
        posts p1_0 
    where
        p1_0.category_id=? 
        and p1_0.status='PUBLISHED'
Hibernate: 
    select
        count(p1_0.id) 
    from
        posts p1_0 
    where
        p1_0.category_id=? 
        and p1_0.status='PUBLISHED'
[INFO] Tests run: 9, Failures: 0, Errors: 0, Skipped: 0, Time elapsed: 0.290 s -- in com.blog.blogsystem.controller.CategoryControllerTest
[INFO] Running com.blog.blogsystem.controller.CommentControllerTest
2026-08-21T04:23:05.512+07:00  INFO 16668 --- [blogsystem] [           main] t.c.s.AnnotationConfigContextLoaderUtils : Could not detect default configuration classes for test class [com.blog.blogsystem.controller.CommentControllerTest]: CommentControllerTest does not declare any static, non-private, non-final, nested classes annotated with @Configuration.
2026-08-21T04:23:05.516+07:00  INFO 16668 --- [blogsystem] [           main] .b.t.c.SpringBootTestContextBootstrapper : Found @SpringBootConfiguration com.blog.blogsystem.BlogsystemApplication for test class com.blog.blogsystem.controller.CommentControllerTest
2026-08-21T04:23:05.520+07:00  INFO 16668 --- [blogsystem] [           main] t.c.s.AnnotationConfigContextLoaderUtils : Could not detect default configuration classes for test class [com.blog.blogsystem.controller.CommentControllerTest]: CommentControllerTest does not declare any static, non-private, non-final, nested classes annotated with @Configuration.
2026-08-21T04:23:05.525+07:00  INFO 16668 --- [blogsystem] [           main] .b.t.c.SpringBootTestContextBootstrapper : Found @SpringBootConfiguration com.blog.blogsystem.BlogsystemApplication for test class com.blog.blogsystem.controller.CommentControllerTest
Hibernate: 
    select
        r1_0.id,
        r1_0.description,
        r1_0.role_name 
    from
        roles r1_0 
    where
        r1_0.role_name=?
Hibernate: 
    select
        r1_0.id,
        r1_0.description,
        r1_0.role_name 
    from
        roles r1_0 
    where
        r1_0.role_name=?
2026-08-21T04:23:05.692+07:00 DEBUG 16668 --- [blogsystem] [           main] o.s.security.web.FilterChainProxy        : Securing PUT /api/posts/f24cacfa-8a86-401e-8a40-e844527f26cc/comments/cb89ae6b-bc75-4ad4-9d67-4c26f593a4d4
2026-08-21T04:23:05.692+07:00 DEBUG 16668 --- [blogsystem] [           main] o.s.security.web.FilterChainProxy        : Secured PUT /api/posts/f24cacfa-8a86-401e-8a40-e844527f26cc/comments/cb89ae6b-bc75-4ad4-9d67-4c26f593a4d4
Hibernate: 
    select
        r1_0.id,
        r1_0.description,
        r1_0.role_name 
    from
        roles r1_0 
    where
        r1_0.role_name=?
Hibernate: 
    select
        r1_0.id,
        r1_0.description,
        r1_0.role_name 
    from
        roles r1_0 
    where
        r1_0.role_name=?
2026-08-21T04:23:05.871+07:00 DEBUG 16668 --- [blogsystem] [           main] o.s.security.web.FilterChainProxy        : Securing POST /api/posts/75e2d2f9-f8ce-45f1-934f-f1e605347040/comments
2026-08-21T04:23:05.871+07:00 DEBUG 16668 --- [blogsystem] [           main] o.s.security.web.FilterChainProxy        : Secured POST /api/posts/75e2d2f9-f8ce-45f1-934f-f1e605347040/comments
Hibernate: 
    insert 
    into
        users
        (avatar, biography, cover_image, created_at, email, followers_count, following_count, full_name, is_active, password_hash, updated_at, username, id) 
    values
        (?, ?, ?, ?, ?, ?, ?, ?, ?, ?, ?, ?, ?)
Hibernate: 
    insert 
    into
        users
        (avatar, biography, cover_image, created_at, email, followers_count, following_count, full_name, is_active, password_hash, updated_at, username, id) 
    values
        (?, ?, ?, ?, ?, ?, ?, ?, ?, ?, ?, ?, ?)
Hibernate: 
    insert 
    into
        categories
        (created_at, description, name, slug, updated_at, id) 
    values
        (?, ?, ?, ?, ?, ?)
Hibernate: 
    insert 
    into
        posts
        (author_id, category_id, content_markdown, cover_image, created_at, likes_count, published_at, slug, status, summary, title, updated_at, view_count, id) 
    values
        (?, ?, ?, ?, ?, ?, ?, ?, ?, ?, ?, ?, ?, ?)
Hibernate: 
    insert 
    into
        user_roles
        (user_id, role_id) 
    values
        (?, ?)
Hibernate: 
    insert 
    into
        user_roles
        (user_id, role_id) 
    values
        (?, ?)
Hibernate: 
    select
        u1_0.id,
        u1_0.avatar,
        u1_0.biography,
        u1_0.cover_image,
        u1_0.created_at,
        u1_0.email,
        u1_0.followers_count,
        u1_0.following_count,
        u1_0.full_name,
        u1_0.is_active,
        u1_0.password_hash,
        u1_0.updated_at,
        u1_0.username 
    from
        users u1_0 
    where
        u1_0.username=?
Hibernate: 
    select
        r1_0.id,
        r1_0.description,
        r1_0.role_name 
    from
        roles r1_0 
    where
        r1_0.role_name=?
Hibernate: 
    select
        r1_0.id,
        r1_0.description,
        r1_0.role_name 
    from
        roles r1_0 
    where
        r1_0.role_name=?
2026-08-21T04:23:06.043+07:00 DEBUG 16668 --- [blogsystem] [           main] o.s.security.web.FilterChainProxy        : Securing GET /api/posts/ca453c15-935e-430d-a1ed-aaceffd50e4e/comments
2026-08-21T04:23:06.043+07:00 DEBUG 16668 --- [blogsystem] [           main] o.s.s.w.a.AnonymousAuthenticationFilter  : Set SecurityContextHolder to anonymous SecurityContext
2026-08-21T04:23:06.044+07:00 DEBUG 16668 --- [blogsystem] [           main] o.s.security.web.FilterChainProxy        : Secured GET /api/posts/ca453c15-935e-430d-a1ed-aaceffd50e4e/comments
Hibernate: 
    insert 
    into
        users
        (avatar, biography, cover_image, created_at, email, followers_count, following_count, full_name, is_active, password_hash, updated_at, username, id) 
    values
        (?, ?, ?, ?, ?, ?, ?, ?, ?, ?, ?, ?, ?)
Hibernate: 
    insert 
    into
        users
        (avatar, biography, cover_image, created_at, email, followers_count, following_count, full_name, is_active, password_hash, updated_at, username, id) 
    values
        (?, ?, ?, ?, ?, ?, ?, ?, ?, ?, ?, ?, ?)
Hibernate: 
    insert 
    into
        categories
        (created_at, description, name, slug, updated_at, id) 
    values
        (?, ?, ?, ?, ?, ?)
Hibernate: 
    insert 
    into
        posts
        (author_id, category_id, content_markdown, cover_image, created_at, likes_count, published_at, slug, status, summary, title, updated_at, view_count, id) 
    values
        (?, ?, ?, ?, ?, ?, ?, ?, ?, ?, ?, ?, ?, ?)
Hibernate: 
    insert 
    into
        comments
        (author_id, content, created_at, image_url, parent_id, post_id, report_count, updated_at, id) 
    values
        (?, ?, ?, ?, ?, ?, ?, ?, ?)
Hibernate: 
    insert 
    into
        user_roles
        (user_id, role_id) 
    values
        (?, ?)
Hibernate: 
    insert 
    into
        user_roles
        (user_id, role_id) 
    values
        (?, ?)
Hibernate: 
    select
        count(*) 
    from
        posts p1_0 
    where
        p1_0.id=?
Hibernate: 
    select
        c1_0.id,
        c1_0.author_id,
        c1_0.content,
        c1_0.created_at,
        c1_0.image_url,
        c1_0.parent_id,
        c1_0.post_id,
        c1_0.report_count,
        c1_0.updated_at 
    from
        comments c1_0 
    where
        c1_0.post_id=? 
        and c1_0.parent_id is null 
    order by
        c1_0.created_at 
    fetch
        first ? rows only
Hibernate: 
    select
        r1_0.id,
        r1_0.description,
        r1_0.role_name 
    from
        roles r1_0 
    where
        r1_0.role_name=?
Hibernate: 
    select
        r1_0.id,
        r1_0.description,
        r1_0.role_name 
    from
        roles r1_0 
    where
        r1_0.role_name=?
Hibernate: 
    select
        r1_0.id,
        r1_0.description,
        r1_0.role_name 
    from
        roles r1_0 
    where
        r1_0.role_name=?
2026-08-21T04:23:06.294+07:00 DEBUG 16668 --- [blogsystem] [           main] o.s.security.web.FilterChainProxy        : Securing POST /api/posts/5d17fb8b-52fa-490f-841b-1a67ae9a7b74/comments/5bd28579-937b-4567-9f12-ac535d308246/reactions
2026-08-21T04:23:06.295+07:00 DEBUG 16668 --- [blogsystem] [           main] o.s.security.web.FilterChainProxy        : Secured POST /api/posts/5d17fb8b-52fa-490f-841b-1a67ae9a7b74/comments/5bd28579-937b-4567-9f12-ac535d308246/reactions
Hibernate: 
    insert 
    into
        users
        (avatar, biography, cover_image, created_at, email, followers_count, following_count, full_name, is_active, password_hash, updated_at, username, id) 
    values
        (?, ?, ?, ?, ?, ?, ?, ?, ?, ?, ?, ?, ?)
Hibernate: 
    insert 
    into
        users
        (avatar, biography, cover_image, created_at, email, followers_count, following_count, full_name, is_active, password_hash, updated_at, username, id) 
    values
        (?, ?, ?, ?, ?, ?, ?, ?, ?, ?, ?, ?, ?)
Hibernate: 
    insert 
    into
        users
        (avatar, biography, cover_image, created_at, email, followers_count, following_count, full_name, is_active, password_hash, updated_at, username, id) 
    values
        (?, ?, ?, ?, ?, ?, ?, ?, ?, ?, ?, ?, ?)
Hibernate: 
    insert 
    into
        categories
        (created_at, description, name, slug, updated_at, id) 
    values
        (?, ?, ?, ?, ?, ?)
Hibernate: 
    insert 
    into
        posts
        (author_id, category_id, content_markdown, cover_image, created_at, likes_count, published_at, slug, status, summary, title, updated_at, view_count, id) 
    values
        (?, ?, ?, ?, ?, ?, ?, ?, ?, ?, ?, ?, ?, ?)
Hibernate: 
    insert 
    into
        comments
        (author_id, content, created_at, image_url, parent_id, post_id, report_count, updated_at, id) 
    values
        (?, ?, ?, ?, ?, ?, ?, ?, ?)
Hibernate: 
    insert 
    into
        user_roles
        (user_id, role_id) 
    values
        (?, ?)
Hibernate: 
    insert 
    into
        user_roles
        (user_id, role_id) 
    values
        (?, ?)
Hibernate: 
    insert 
    into
        user_roles
        (user_id, role_id) 
    values
        (?, ?)
Hibernate: 
    select
        u1_0.id,
        u1_0.avatar,
        u1_0.biography,
        u1_0.cover_image,
        u1_0.created_at,
        u1_0.email,
        u1_0.followers_count,
        u1_0.following_count,
        u1_0.full_name,
        u1_0.is_active,
        u1_0.password_hash,
        u1_0.updated_at,
        u1_0.username 
    from
        users u1_0 
    where
        u1_0.username=?
Hibernate: 
    select
        cr1_0.id,
        cr1_0.comment_id,
        cr1_0.created_at,
        cr1_0.emoji,
        cr1_0.user_id 
    from
        comment_reactions cr1_0 
    where
        cr1_0.comment_id=? 
        and cr1_0.user_id=?
Hibernate: 
    select
        r1_0.id,
        r1_0.description,
        r1_0.role_name 
    from
        roles r1_0 
    where
        r1_0.role_name=?
Hibernate: 
    select
        r1_0.id,
        r1_0.description,
        r1_0.role_name 
    from
        roles r1_0 
    where
        r1_0.role_name=?
2026-08-21T04:23:06.455+07:00 DEBUG 16668 --- [blogsystem] [           main] o.s.security.web.FilterChainProxy        : Securing POST /api/posts/366db0f1-5b9c-4a8b-ab6c-8c530c86ed4d/comments
2026-08-21T04:23:06.456+07:00 DEBUG 16668 --- [blogsystem] [           main] o.s.security.web.FilterChainProxy        : Secured POST /api/posts/366db0f1-5b9c-4a8b-ab6c-8c530c86ed4d/comments
Hibernate: 
    select
        r1_0.id,
        r1_0.description,
        r1_0.role_name 
    from
        roles r1_0 
    where
        r1_0.role_name=?
Hibernate: 
    select
        r1_0.id,
        r1_0.description,
        r1_0.role_name 
    from
        roles r1_0 
    where
        r1_0.role_name=?
Hibernate: 
    select
        r1_0.id,
        r1_0.description,
        r1_0.role_name 
    from
        roles r1_0 
    where
        r1_0.role_name=?
2026-08-21T04:23:06.676+07:00 DEBUG 16668 --- [blogsystem] [           main] o.s.security.web.FilterChainProxy        : Securing POST /api/posts/c623d54e-1cdd-4e42-b239-cf04163613f7/comments
2026-08-21T04:23:06.677+07:00 DEBUG 16668 --- [blogsystem] [           main] o.s.security.web.FilterChainProxy        : Secured POST /api/posts/c623d54e-1cdd-4e42-b239-cf04163613f7/comments
Hibernate: 
    insert 
    into
        users
        (avatar, biography, cover_image, created_at, email, followers_count, following_count, full_name, is_active, password_hash, updated_at, username, id) 
    values
        (?, ?, ?, ?, ?, ?, ?, ?, ?, ?, ?, ?, ?)
Hibernate: 
    insert 
    into
        users
        (avatar, biography, cover_image, created_at, email, followers_count, following_count, full_name, is_active, password_hash, updated_at, username, id) 
    values
        (?, ?, ?, ?, ?, ?, ?, ?, ?, ?, ?, ?, ?)
Hibernate: 
    insert 
    into
        users
        (avatar, biography, cover_image, created_at, email, followers_count, following_count, full_name, is_active, password_hash, updated_at, username, id) 
    values
        (?, ?, ?, ?, ?, ?, ?, ?, ?, ?, ?, ?, ?)
Hibernate: 
    insert 
    into
        categories
        (created_at, description, name, slug, updated_at, id) 
    values
        (?, ?, ?, ?, ?, ?)
Hibernate: 
    insert 
    into
        posts
        (author_id, category_id, content_markdown, cover_image, created_at, likes_count, published_at, slug, status, summary, title, updated_at, view_count, id) 
    values
        (?, ?, ?, ?, ?, ?, ?, ?, ?, ?, ?, ?, ?, ?)
Hibernate: 
    insert 
    into
        comments
        (author_id, content, created_at, image_url, parent_id, post_id, report_count, updated_at, id) 
    values
        (?, ?, ?, ?, ?, ?, ?, ?, ?)
Hibernate: 
    insert 
    into
        user_roles
        (user_id, role_id) 
    values
        (?, ?)
Hibernate: 
    insert 
    into
        user_roles
        (user_id, role_id) 
    values
        (?, ?)
Hibernate: 
    insert 
    into
        user_roles
        (user_id, role_id) 
    values
        (?, ?)
Hibernate: 
    select
        u1_0.id,
        u1_0.avatar,
        u1_0.biography,
        u1_0.cover_image,
        u1_0.created_at,
        u1_0.email,
        u1_0.followers_count,
        u1_0.following_count,
        u1_0.full_name,
        u1_0.is_active,
        u1_0.password_hash,
        u1_0.updated_at,
        u1_0.username 
    from
        users u1_0 
    where
        u1_0.username=?
Hibernate: 
    select
        r1_0.id,
        r1_0.description,
        r1_0.role_name 
    from
        roles r1_0 
    where
        r1_0.role_name=?
2026-08-21T04:23:06.852+07:00 DEBUG 16668 --- [blogsystem] [           main] o.s.security.web.FilterChainProxy        : Securing POST /api/posts/34fc1a49-de98-4256-a76f-49e02469d4fb/comments
2026-08-21T04:23:06.853+07:00 DEBUG 16668 --- [blogsystem] [           main] o.s.s.w.a.AnonymousAuthenticationFilter  : Set SecurityContextHolder to anonymous SecurityContext
2026-08-21T04:23:06.855+07:00 DEBUG 16668 --- [blogsystem] [           main] o.s.s.w.a.Http403ForbiddenEntryPoint     : Pre-authenticated entry point called. Rejecting access
Hibernate: 
    select
        r1_0.id,
        r1_0.description,
        r1_0.role_name 
    from
        roles r1_0 
    where
        r1_0.role_name=?
Hibernate: 
    select
        r1_0.id,
        r1_0.description,
        r1_0.role_name 
    from
        roles r1_0 
    where
        r1_0.role_name=?
Hibernate: 
    select
        r1_0.id,
        r1_0.description,
        r1_0.role_name 
    from
        roles r1_0 
    where
        r1_0.role_name=?
2026-08-21T04:23:07.144+07:00 DEBUG 16668 --- [blogsystem] [           main] o.s.security.web.FilterChainProxy        : Securing DELETE /api/posts/c1181e7a-350e-401c-aea3-d6a7a0ccb33f/comments/891fd049-47cd-47ce-8a93-e1178d13147a/reactions
2026-08-21T04:23:07.145+07:00 DEBUG 16668 --- [blogsystem] [           main] o.s.security.web.FilterChainProxy        : Secured DELETE /api/posts/c1181e7a-350e-401c-aea3-d6a7a0ccb33f/comments/891fd049-47cd-47ce-8a93-e1178d13147a/reactions
Hibernate: 
    insert 
    into
        users
        (avatar, biography, cover_image, created_at, email, followers_count, following_count, full_name, is_active, password_hash, updated_at, username, id) 
    values
        (?, ?, ?, ?, ?, ?, ?, ?, ?, ?, ?, ?, ?)
Hibernate: 
    insert 
    into
        users
        (avatar, biography, cover_image, created_at, email, followers_count, following_count, full_name, is_active, password_hash, updated_at, username, id) 
    values
        (?, ?, ?, ?, ?, ?, ?, ?, ?, ?, ?, ?, ?)
Hibernate: 
    insert 
    into
        users
        (avatar, biography, cover_image, created_at, email, followers_count, following_count, full_name, is_active, password_hash, updated_at, username, id) 
    values
        (?, ?, ?, ?, ?, ?, ?, ?, ?, ?, ?, ?, ?)
Hibernate: 
    insert 
    into
        categories
        (created_at, description, name, slug, updated_at, id) 
    values
        (?, ?, ?, ?, ?, ?)
Hibernate: 
    insert 
    into
        posts
        (author_id, category_id, content_markdown, cover_image, created_at, likes_count, published_at, slug, status, summary, title, updated_at, view_count, id) 
    values
        (?, ?, ?, ?, ?, ?, ?, ?, ?, ?, ?, ?, ?, ?)
Hibernate: 
    insert 
    into
        comments
        (author_id, content, created_at, image_url, parent_id, post_id, report_count, updated_at, id) 
    values
        (?, ?, ?, ?, ?, ?, ?, ?, ?)
Hibernate: 
    insert 
    into
        comment_reactions
        (comment_id, created_at, emoji, user_id, id) 
    values
        (?, ?, ?, ?, ?)
Hibernate: 
    insert 
    into
        user_roles
        (user_id, role_id) 
    values
        (?, ?)
Hibernate: 
    insert 
    into
        user_roles
        (user_id, role_id) 
    values
        (?, ?)
Hibernate: 
    insert 
    into
        user_roles
        (user_id, role_id) 
    values
        (?, ?)
Hibernate: 
    select
        u1_0.id,
        u1_0.avatar,
        u1_0.biography,
        u1_0.cover_image,
        u1_0.created_at,
        u1_0.email,
        u1_0.followers_count,
        u1_0.following_count,
        u1_0.full_name,
        u1_0.is_active,
        u1_0.password_hash,
        u1_0.updated_at,
        u1_0.username 
    from
        users u1_0 
    where
        u1_0.username=?
Hibernate: 
    select
        cr1_0.id,
        cr1_0.comment_id,
        cr1_0.created_at,
        cr1_0.emoji,
        cr1_0.user_id 
    from
        comment_reactions cr1_0 
    where
        cr1_0.comment_id=? 
        and cr1_0.user_id=?
Hibernate: 
    select
        r1_0.id,
        r1_0.description,
        r1_0.role_name 
    from
        roles r1_0 
    where
        r1_0.role_name=?
Hibernate: 
    select
        r1_0.id,
        r1_0.description,
        r1_0.role_name 
    from
        roles r1_0 
    where
        r1_0.role_name=?
2026-08-21T04:23:07.418+07:00 DEBUG 16668 --- [blogsystem] [           main] o.s.security.web.FilterChainProxy        : Securing DELETE /api/posts/ea17e40e-4050-4f99-8e99-c4e3c8af670c/comments/b32ea072-d461-458e-99b1-288df65f38e1
2026-08-21T04:23:07.420+07:00 DEBUG 16668 --- [blogsystem] [           main] o.s.security.web.FilterChainProxy        : Secured DELETE /api/posts/ea17e40e-4050-4f99-8e99-c4e3c8af670c/comments/b32ea072-d461-458e-99b1-288df65f38e1
Hibernate: 
    insert 
    into
        users
        (avatar, biography, cover_image, created_at, email, followers_count, following_count, full_name, is_active, password_hash, updated_at, username, id) 
    values
        (?, ?, ?, ?, ?, ?, ?, ?, ?, ?, ?, ?, ?)
Hibernate: 
    insert 
    into
        users
        (avatar, biography, cover_image, created_at, email, followers_count, following_count, full_name, is_active, password_hash, updated_at, username, id) 
    values
        (?, ?, ?, ?, ?, ?, ?, ?, ?, ?, ?, ?, ?)
Hibernate: 
    insert 
    into
        categories
        (created_at, description, name, slug, updated_at, id) 
    values
        (?, ?, ?, ?, ?, ?)
Hibernate: 
    insert 
    into
        posts
        (author_id, category_id, content_markdown, cover_image, created_at, likes_count, published_at, slug, status, summary, title, updated_at, view_count, id) 
    values
        (?, ?, ?, ?, ?, ?, ?, ?, ?, ?, ?, ?, ?, ?)
Hibernate: 
    insert 
    into
        comments
        (author_id, content, created_at, image_url, parent_id, post_id, report_count, updated_at, id) 
    values
        (?, ?, ?, ?, ?, ?, ?, ?, ?)
Hibernate: 
    insert 
    into
        user_roles
        (user_id, role_id) 
    values
        (?, ?)
Hibernate: 
    insert 
    into
        user_roles
        (user_id, role_id) 
    values
        (?, ?)
Hibernate: 
    select
        u1_0.id,
        u1_0.avatar,
        u1_0.biography,
        u1_0.cover_image,
        u1_0.created_at,
        u1_0.email,
        u1_0.followers_count,
        u1_0.following_count,
        u1_0.full_name,
        u1_0.is_active,
        u1_0.password_hash,
        u1_0.updated_at,
        u1_0.username 
    from
        users u1_0 
    where
        u1_0.username=?
[INFO] Tests run: 9, Failures: 0, Errors: 0, Skipped: 0, Time elapsed: 1.978 s -- in com.blog.blogsystem.controller.CommentControllerTest
[INFO] Running com.blog.blogsystem.controller.NotificationControllerTest
2026-08-21T04:23:07.499+07:00  INFO 16668 --- [blogsystem] [           main] t.c.s.AnnotationConfigContextLoaderUtils : Could not detect default configuration classes for test class [com.blog.blogsystem.controller.NotificationControllerTest]: NotificationControllerTest does not declare any static, non-private, non-final, nested classes annotated with @Configuration.
2026-08-21T04:23:07.511+07:00  INFO 16668 --- [blogsystem] [           main] .b.t.c.SpringBootTestContextBootstrapper : Found @SpringBootConfiguration com.blog.blogsystem.BlogsystemApplication for test class com.blog.blogsystem.controller.NotificationControllerTest
2026-08-21T04:23:07.519+07:00  INFO 16668 --- [blogsystem] [           main] t.c.s.AnnotationConfigContextLoaderUtils : Could not detect default configuration classes for test class [com.blog.blogsystem.controller.NotificationControllerTest]: NotificationControllerTest does not declare any static, non-private, non-final, nested classes annotated with @Configuration.
2026-08-21T04:23:07.528+07:00  INFO 16668 --- [blogsystem] [           main] .b.t.c.SpringBootTestContextBootstrapper : Found @SpringBootConfiguration com.blog.blogsystem.BlogsystemApplication for test class com.blog.blogsystem.controller.NotificationControllerTest
Hibernate: 
    select
        r1_0.id,
        r1_0.description,
        r1_0.role_name 
    from
        roles r1_0 
    where
        r1_0.role_name=?
Hibernate: 
    select
        r1_0.id,
        r1_0.description,
        r1_0.role_name 
    from
        roles r1_0 
    where
        r1_0.role_name=?
2026-08-21T04:23:07.727+07:00 DEBUG 16668 --- [blogsystem] [           main] o.s.security.web.FilterChainProxy        : Securing PUT /api/notifications/0ef5e846-6a2d-4990-86d3-6cf70b9a229a/read
2026-08-21T04:23:07.728+07:00 DEBUG 16668 --- [blogsystem] [           main] o.s.security.web.FilterChainProxy        : Secured PUT /api/notifications/0ef5e846-6a2d-4990-86d3-6cf70b9a229a/read
2026-08-21T04:23:07.729+07:00 DEBUG 16668 --- [blogsystem] [           main] horizationManagerBeforeMethodInterceptor : Authorizing method invocation ReflectiveMethodInvocation: public org.springframework.http.ResponseEntity com.blog.blogsystem.controller.NotificationController.markAsRead(java.util.UUID); target is of class [com.blog.blogsystem.controller.NotificationController]
2026-08-21T04:23:07.729+07:00 DEBUG 16668 --- [blogsystem] [           main] horizationManagerBeforeMethodInterceptor : Authorized method invocation ReflectiveMethodInvocation: public org.springframework.http.ResponseEntity com.blog.blogsystem.controller.NotificationController.markAsRead(java.util.UUID); target is of class [com.blog.blogsystem.controller.NotificationController]
2026-08-21T04:23:07.736+07:00 DEBUG 16668 --- [blogsystem] [           main] o.s.security.web.FilterChainProxy        : Securing GET /api/notifications/unread-count
2026-08-21T04:23:07.739+07:00 DEBUG 16668 --- [blogsystem] [           main] o.s.security.web.FilterChainProxy        : Secured GET /api/notifications/unread-count
2026-08-21T04:23:07.740+07:00 DEBUG 16668 --- [blogsystem] [           main] horizationManagerBeforeMethodInterceptor : Authorizing method invocation ReflectiveMethodInvocation: public org.springframework.http.ResponseEntity com.blog.blogsystem.controller.NotificationController.getUnreadCount(); target is of class [com.blog.blogsystem.controller.NotificationController]
2026-08-21T04:23:07.743+07:00 DEBUG 16668 --- [blogsystem] [           main] horizationManagerBeforeMethodInterceptor : Authorized method invocation ReflectiveMethodInvocation: public org.springframework.http.ResponseEntity com.blog.blogsystem.controller.NotificationController.getUnreadCount(); target is of class [com.blog.blogsystem.controller.NotificationController]
Hibernate: 
    insert 
    into
        users
        (avatar, biography, cover_image, created_at, email, followers_count, following_count, full_name, is_active, password_hash, updated_at, username, id) 
    values
        (?, ?, ?, ?, ?, ?, ?, ?, ?, ?, ?, ?, ?)
Hibernate: 
    insert 
    into
        users
        (avatar, biography, cover_image, created_at, email, followers_count, following_count, full_name, is_active, password_hash, updated_at, username, id) 
    values
        (?, ?, ?, ?, ?, ?, ?, ?, ?, ?, ?, ?, ?)
Hibernate: 
    insert 
    into
        notifications
        (actor_id, content, created_at, is_read, recipient_id, target_url, type, id) 
    values
        (?, ?, ?, ?, ?, ?, ?, ?)
Hibernate: 
    update
        notifications 
    set
        actor_id=?,
        content=?,
        is_read=?,
        recipient_id=?,
        target_url=?,
        type=? 
    where
        id=?
Hibernate: 
    insert 
    into
        user_roles
        (user_id, role_id) 
    values
        (?, ?)
Hibernate: 
    insert 
    into
        user_roles
        (user_id, role_id) 
    values
        (?, ?)
Hibernate: 
    select
        count(n1_0.id) 
    from
        notifications n1_0 
    left join
        users r1_0 
            on r1_0.id=n1_0.recipient_id 
    where
        r1_0.username=? 
        and n1_0.is_read=false
2026-08-21T04:23:07.828+07:00 DEBUG 16668 --- [blogsystem] [           main] o.s.security.web.FilterChainProxy        : Securing GET /api/notifications
2026-08-21T04:23:07.829+07:00 DEBUG 16668 --- [blogsystem] [           main] o.s.s.w.a.AnonymousAuthenticationFilter  : Set SecurityContextHolder to anonymous SecurityContext
2026-08-21T04:23:07.829+07:00 DEBUG 16668 --- [blogsystem] [           main] o.s.s.w.a.Http403ForbiddenEntryPoint     : Pre-authenticated entry point called. Rejecting access
Hibernate: 
    select
        r1_0.id,
        r1_0.description,
        r1_0.role_name 
    from
        roles r1_0 
    where
        r1_0.role_name=?
Hibernate: 
    select
        r1_0.id,
        r1_0.description,
        r1_0.role_name 
    from
        roles r1_0 
    where
        r1_0.role_name=?
2026-08-21T04:23:08.026+07:00 DEBUG 16668 --- [blogsystem] [           main] o.s.security.web.FilterChainProxy        : Securing PUT /api/notifications/read-all
2026-08-21T04:23:08.029+07:00 DEBUG 16668 --- [blogsystem] [           main] o.s.security.web.FilterChainProxy        : Secured PUT /api/notifications/read-all
2026-08-21T04:23:08.032+07:00 DEBUG 16668 --- [blogsystem] [           main] horizationManagerBeforeMethodInterceptor : Authorizing method invocation ReflectiveMethodInvocation: public org.springframework.http.ResponseEntity com.blog.blogsystem.controller.NotificationController.markAllAsRead(); target is of class [com.blog.blogsystem.controller.NotificationController]
2026-08-21T04:23:08.035+07:00 DEBUG 16668 --- [blogsystem] [           main] horizationManagerBeforeMethodInterceptor : Authorized method invocation ReflectiveMethodInvocation: public org.springframework.http.ResponseEntity com.blog.blogsystem.controller.NotificationController.markAllAsRead(); target is of class [com.blog.blogsystem.controller.NotificationController]
Hibernate: 
    insert 
    into
        users
        (avatar, biography, cover_image, created_at, email, followers_count, following_count, full_name, is_active, password_hash, updated_at, username, id) 
    values
        (?, ?, ?, ?, ?, ?, ?, ?, ?, ?, ?, ?, ?)
Hibernate: 
    insert 
    into
        users
        (avatar, biography, cover_image, created_at, email, followers_count, following_count, full_name, is_active, password_hash, updated_at, username, id) 
    values
        (?, ?, ?, ?, ?, ?, ?, ?, ?, ?, ?, ?, ?)
Hibernate: 
    insert 
    into
        notifications
        (actor_id, content, created_at, is_read, recipient_id, target_url, type, id) 
    values
        (?, ?, ?, ?, ?, ?, ?, ?)
Hibernate: 
    insert 
    into
        notifications
        (actor_id, content, created_at, is_read, recipient_id, target_url, type, id) 
    values
        (?, ?, ?, ?, ?, ?, ?, ?)
Hibernate: 
    insert 
    into
        user_roles
        (user_id, role_id) 
    values
        (?, ?)
Hibernate: 
    insert 
    into
        user_roles
        (user_id, role_id) 
    values
        (?, ?)
Hibernate: 
    select
        n1_0.id,
        n1_0.actor_id,
        n1_0.content,
        n1_0.created_at,
        n1_0.is_read,
        n1_0.recipient_id,
        n1_0.target_url,
        n1_0.type 
    from
        notifications n1_0 
    left join
        users r1_0 
            on r1_0.id=n1_0.recipient_id 
    where
        r1_0.username=? 
    order by
        n1_0.created_at desc
2026-08-21T04:23:08.082+07:00 DEBUG 16668 --- [blogsystem] [           main] o.s.security.web.FilterChainProxy        : Securing GET /api/notifications/unread-count
2026-08-21T04:23:08.083+07:00 DEBUG 16668 --- [blogsystem] [           main] o.s.security.web.FilterChainProxy        : Secured GET /api/notifications/unread-count
2026-08-21T04:23:08.083+07:00 DEBUG 16668 --- [blogsystem] [           main] horizationManagerBeforeMethodInterceptor : Authorizing method invocation ReflectiveMethodInvocation: public org.springframework.http.ResponseEntity com.blog.blogsystem.controller.NotificationController.getUnreadCount(); target is of class [com.blog.blogsystem.controller.NotificationController]
2026-08-21T04:23:08.084+07:00 DEBUG 16668 --- [blogsystem] [           main] horizationManagerBeforeMethodInterceptor : Authorized method invocation ReflectiveMethodInvocation: public org.springframework.http.ResponseEntity com.blog.blogsystem.controller.NotificationController.getUnreadCount(); target is of class [com.blog.blogsystem.controller.NotificationController]
Hibernate: 
    update
        notifications 
    set
        actor_id=?,
        content=?,
        is_read=?,
        recipient_id=?,
        target_url=?,
        type=? 
    where
        id=?
Hibernate: 
    update
        notifications 
    set
        actor_id=?,
        content=?,
        is_read=?,
        recipient_id=?,
        target_url=?,
        type=? 
    where
        id=?
Hibernate: 
    select
        count(n1_0.id) 
    from
        notifications n1_0 
    left join
        users r1_0 
            on r1_0.id=n1_0.recipient_id 
    where
        r1_0.username=? 
        and n1_0.is_read=false
Hibernate: 
    select
        r1_0.id,
        r1_0.description,
        r1_0.role_name 
    from
        roles r1_0 
    where
        r1_0.role_name=?
Hibernate: 
    select
        r1_0.id,
        r1_0.description,
        r1_0.role_name 
    from
        roles r1_0 
    where
        r1_0.role_name=?
2026-08-21T04:23:08.270+07:00 DEBUG 16668 --- [blogsystem] [           main] o.s.security.web.FilterChainProxy        : Securing GET /api/notifications
2026-08-21T04:23:08.270+07:00 DEBUG 16668 --- [blogsystem] [           main] o.s.security.web.FilterChainProxy        : Secured GET /api/notifications
2026-08-21T04:23:08.271+07:00 DEBUG 16668 --- [blogsystem] [           main] horizationManagerBeforeMethodInterceptor : Authorizing method invocation ReflectiveMethodInvocation: public org.springframework.http.ResponseEntity com.blog.blogsystem.controller.NotificationController.getMyNotifications(int,int); target is of class [com.blog.blogsystem.controller.NotificationController]
2026-08-21T04:23:08.272+07:00 DEBUG 16668 --- [blogsystem] [           main] horizationManagerBeforeMethodInterceptor : Authorized method invocation ReflectiveMethodInvocation: public org.springframework.http.ResponseEntity com.blog.blogsystem.controller.NotificationController.getMyNotifications(int,int); target is of class [com.blog.blogsystem.controller.NotificationController]
Hibernate: 
    insert 
    into
        users
        (avatar, biography, cover_image, created_at, email, followers_count, following_count, full_name, is_active, password_hash, updated_at, username, id) 
    values
        (?, ?, ?, ?, ?, ?, ?, ?, ?, ?, ?, ?, ?)
Hibernate: 
    insert 
    into
        users
        (avatar, biography, cover_image, created_at, email, followers_count, following_count, full_name, is_active, password_hash, updated_at, username, id) 
    values
        (?, ?, ?, ?, ?, ?, ?, ?, ?, ?, ?, ?, ?)
Hibernate: 
    insert 
    into
        notifications
        (actor_id, content, created_at, is_read, recipient_id, target_url, type, id) 
    values
        (?, ?, ?, ?, ?, ?, ?, ?)
Hibernate: 
    insert 
    into
        user_roles
        (user_id, role_id) 
    values
        (?, ?)
Hibernate: 
    insert 
    into
        user_roles
        (user_id, role_id) 
    values
        (?, ?)
Hibernate: 
    select
        n1_0.id,
        n1_0.actor_id,
        n1_0.content,
        n1_0.created_at,
        n1_0.is_read,
        n1_0.recipient_id,
        n1_0.target_url,
        n1_0.type 
    from
        notifications n1_0 
    left join
        users r1_0 
            on r1_0.id=n1_0.recipient_id 
    where
        r1_0.username=? 
    order by
        n1_0.created_at desc 
    fetch
        first ? rows only
Hibernate: 
    select
        r1_0.id,
        r1_0.description,
        r1_0.role_name 
    from
        roles r1_0 
    where
        r1_0.role_name=?
Hibernate: 
    select
        r1_0.id,
        r1_0.description,
        r1_0.role_name 
    from
        roles r1_0 
    where
        r1_0.role_name=?
2026-08-21T04:23:08.514+07:00 DEBUG 16668 --- [blogsystem] [           main] o.s.security.web.FilterChainProxy        : Securing GET /api/notifications/unread-count
2026-08-21T04:23:08.516+07:00 DEBUG 16668 --- [blogsystem] [           main] o.s.security.web.FilterChainProxy        : Secured GET /api/notifications/unread-count
2026-08-21T04:23:08.518+07:00 DEBUG 16668 --- [blogsystem] [           main] horizationManagerBeforeMethodInterceptor : Authorizing method invocation ReflectiveMethodInvocation: public org.springframework.http.ResponseEntity com.blog.blogsystem.controller.NotificationController.getUnreadCount(); target is of class [com.blog.blogsystem.controller.NotificationController]
2026-08-21T04:23:08.519+07:00 DEBUG 16668 --- [blogsystem] [           main] horizationManagerBeforeMethodInterceptor : Authorized method invocation ReflectiveMethodInvocation: public org.springframework.http.ResponseEntity com.blog.blogsystem.controller.NotificationController.getUnreadCount(); target is of class [com.blog.blogsystem.controller.NotificationController]
Hibernate: 
    insert 
    into
        users
        (avatar, biography, cover_image, created_at, email, followers_count, following_count, full_name, is_active, password_hash, updated_at, username, id) 
    values
        (?, ?, ?, ?, ?, ?, ?, ?, ?, ?, ?, ?, ?)
Hibernate: 
    insert 
    into
        users
        (avatar, biography, cover_image, created_at, email, followers_count, following_count, full_name, is_active, password_hash, updated_at, username, id) 
    values
        (?, ?, ?, ?, ?, ?, ?, ?, ?, ?, ?, ?, ?)
Hibernate: 
    insert 
    into
        notifications
        (actor_id, content, created_at, is_read, recipient_id, target_url, type, id) 
    values
        (?, ?, ?, ?, ?, ?, ?, ?)
Hibernate: 
    insert 
    into
        notifications
        (actor_id, content, created_at, is_read, recipient_id, target_url, type, id) 
    values
        (?, ?, ?, ?, ?, ?, ?, ?)
Hibernate: 
    insert 
    into
        user_roles
        (user_id, role_id) 
    values
        (?, ?)
Hibernate: 
    insert 
    into
        user_roles
        (user_id, role_id) 
    values
        (?, ?)
Hibernate: 
    select
        count(n1_0.id) 
    from
        notifications n1_0 
    left join
        users r1_0 
            on r1_0.id=n1_0.recipient_id 
    where
        r1_0.username=? 
        and n1_0.is_read=false
[INFO] Tests run: 5, Failures: 0, Errors: 0, Skipped: 0, Time elapsed: 1.058 s -- in com.blog.blogsystem.controller.NotificationControllerTest
[INFO] Running com.blog.blogsystem.controller.PostControllerTest
2026-08-21T04:23:08.559+07:00  INFO 16668 --- [blogsystem] [           main] t.c.s.AnnotationConfigContextLoaderUtils : Could not detect default configuration classes for test class [com.blog.blogsystem.controller.PostControllerTest]: PostControllerTest does not declare any static, non-private, non-final, nested classes annotated with @Configuration.
2026-08-21T04:23:08.564+07:00  INFO 16668 --- [blogsystem] [           main] .b.t.c.SpringBootTestContextBootstrapper : Found @SpringBootConfiguration com.blog.blogsystem.BlogsystemApplication for test class com.blog.blogsystem.controller.PostControllerTest
2026-08-21T04:23:08.567+07:00  INFO 16668 --- [blogsystem] [           main] t.c.s.AnnotationConfigContextLoaderUtils : Could not detect default configuration classes for test class [com.blog.blogsystem.controller.PostControllerTest]: PostControllerTest does not declare any static, non-private, non-final, nested classes annotated with @Configuration.
2026-08-21T04:23:08.572+07:00  INFO 16668 --- [blogsystem] [           main] .b.t.c.SpringBootTestContextBootstrapper : Found @SpringBootConfiguration com.blog.blogsystem.BlogsystemApplication for test class com.blog.blogsystem.controller.PostControllerTest
2026-08-21T04:23:08.608+07:00 DEBUG 16668 --- [blogsystem] [           main] o.s.security.web.FilterChainProxy        : Securing POST /api/posts
2026-08-21T04:23:08.608+07:00 DEBUG 16668 --- [blogsystem] [           main] o.s.security.web.FilterChainProxy        : Secured POST /api/posts
Hibernate: 
    select
        r1_0.id,
        r1_0.description,
        r1_0.role_name 
    from
        roles r1_0 
    where
        r1_0.role_name=?
2026-08-21T04:23:08.710+07:00 DEBUG 16668 --- [blogsystem] [           main] o.s.security.web.FilterChainProxy        : Securing POST /api/posts
2026-08-21T04:23:08.711+07:00 DEBUG 16668 --- [blogsystem] [           main] o.s.security.web.FilterChainProxy        : Secured POST /api/posts
Hibernate: 
    insert 
    into
        users
        (avatar, biography, cover_image, created_at, email, followers_count, following_count, full_name, is_active, password_hash, updated_at, username, id) 
    values
        (?, ?, ?, ?, ?, ?, ?, ?, ?, ?, ?, ?, ?)
Hibernate: 
    insert 
    into
        categories
        (created_at, description, name, slug, updated_at, id) 
    values
        (?, ?, ?, ?, ?, ?)
Hibernate: 
    insert 
    into
        tags
        (name, slug, id) 
    values
        (?, ?, ?)
Hibernate: 
    insert 
    into
        user_roles
        (user_id, role_id) 
    values
        (?, ?)
Hibernate: 
    select
        u1_0.id,
        u1_0.avatar,
        u1_0.biography,
        u1_0.cover_image,
        u1_0.created_at,
        u1_0.email,
        u1_0.followers_count,
        u1_0.following_count,
        u1_0.full_name,
        u1_0.is_active,
        u1_0.password_hash,
        u1_0.updated_at,
        u1_0.username 
    from
        users u1_0 
    where
        u1_0.username=?
Hibernate: 
    select
        t1_0.id,
        t1_0.name,
        t1_0.slug 
    from
        tags t1_0 
    where
        t1_0.id in (?)
Hibernate: 
    select
        p1_0.id 
    from
        posts p1_0 
    where
        p1_0.slug=? 
    fetch
        first ? rows only
Hibernate: 
    select
        r1_0.id,
        r1_0.description,
        r1_0.role_name 
    from
        roles r1_0 
    where
        r1_0.role_name=?
2026-08-21T04:23:08.814+07:00 DEBUG 16668 --- [blogsystem] [           main] o.s.security.web.FilterChainProxy        : Securing DELETE /api/posts/dbea7581-da52-45d3-a075-deb4046aeb91
2026-08-21T04:23:08.814+07:00 DEBUG 16668 --- [blogsystem] [           main] o.s.security.web.FilterChainProxy        : Secured DELETE /api/posts/dbea7581-da52-45d3-a075-deb4046aeb91
Hibernate: 
    insert 
    into
        users
        (avatar, biography, cover_image, created_at, email, followers_count, following_count, full_name, is_active, password_hash, updated_at, username, id) 
    values
        (?, ?, ?, ?, ?, ?, ?, ?, ?, ?, ?, ?, ?)
Hibernate: 
    insert 
    into
        categories
        (created_at, description, name, slug, updated_at, id) 
    values
        (?, ?, ?, ?, ?, ?)
Hibernate: 
    insert 
    into
        posts
        (author_id, category_id, content_markdown, cover_image, created_at, likes_count, published_at, slug, status, summary, title, updated_at, view_count, id) 
    values
        (?, ?, ?, ?, ?, ?, ?, ?, ?, ?, ?, ?, ?, ?)
Hibernate: 
    insert 
    into
        user_roles
        (user_id, role_id) 
    values
        (?, ?)
Hibernate: 
    select
        u1_0.id,
        u1_0.avatar,
        u1_0.biography,
        u1_0.cover_image,
        u1_0.created_at,
        u1_0.email,
        u1_0.followers_count,
        u1_0.following_count,
        u1_0.full_name,
        u1_0.is_active,
        u1_0.password_hash,
        u1_0.updated_at,
        u1_0.username 
    from
        users u1_0 
    where
        u1_0.username=?
2026-08-21T04:23:08.829+07:00 DEBUG 16668 --- [blogsystem] [           main] o.s.security.web.FilterChainProxy        : Securing POST /api/posts
2026-08-21T04:23:08.829+07:00 DEBUG 16668 --- [blogsystem] [           main] o.s.s.w.a.AnonymousAuthenticationFilter  : Set SecurityContextHolder to anonymous SecurityContext
2026-08-21T04:23:08.829+07:00 DEBUG 16668 --- [blogsystem] [           main] o.s.s.w.a.Http403ForbiddenEntryPoint     : Pre-authenticated entry point called. Rejecting access
Hibernate: 
    select
        r1_0.id,
        r1_0.description,
        r1_0.role_name 
    from
        roles r1_0 
    where
        r1_0.role_name=?
2026-08-21T04:23:08.903+07:00 DEBUG 16668 --- [blogsystem] [           main] o.s.security.web.FilterChainProxy        : Securing PUT /api/posts/83362ef3-df3e-43a2-9eb9-38bae17de52a
2026-08-21T04:23:08.903+07:00 DEBUG 16668 --- [blogsystem] [           main] o.s.security.web.FilterChainProxy        : Secured PUT /api/posts/83362ef3-df3e-43a2-9eb9-38bae17de52a
Hibernate: 
    insert 
    into
        users
        (avatar, biography, cover_image, created_at, email, followers_count, following_count, full_name, is_active, password_hash, updated_at, username, id) 
    values
        (?, ?, ?, ?, ?, ?, ?, ?, ?, ?, ?, ?, ?)
Hibernate: 
    insert 
    into
        categories
        (created_at, description, name, slug, updated_at, id) 
    values
        (?, ?, ?, ?, ?, ?)
Hibernate: 
    insert 
    into
        tags
        (name, slug, id) 
    values
        (?, ?, ?)
Hibernate: 
    insert 
    into
        posts
        (author_id, category_id, content_markdown, cover_image, created_at, likes_count, published_at, slug, status, summary, title, updated_at, view_count, id) 
    values
        (?, ?, ?, ?, ?, ?, ?, ?, ?, ?, ?, ?, ?, ?)
Hibernate: 
    update
        posts 
    set
        author_id=?,
        category_id=?,
        content_markdown=?,
        cover_image=?,
        likes_count=?,
        published_at=?,
        slug=?,
        status=?,
        summary=?,
        title=?,
        updated_at=?,
        view_count=? 
    where
        id=?
Hibernate: 
    insert 
    into
        user_roles
        (user_id, role_id) 
    values
        (?, ?)
Hibernate: 
    insert 
    into
        post_tags
        (post_id, tag_id) 
    values
        (?, ?)
Hibernate: 
    select
        t1_0.id,
        t1_0.name,
        t1_0.slug 
    from
        tags t1_0 
    where
        t1_0.id in (?)
Hibernate: 
    select
        r1_0.id,
        r1_0.description,
        r1_0.role_name 
    from
        roles r1_0 
    where
        r1_0.role_name=?
2026-08-21T04:23:08.985+07:00 DEBUG 16668 --- [blogsystem] [           main] o.s.security.web.FilterChainProxy        : Securing GET /api/posts/slug/slug-post-2d4ff4c5
2026-08-21T04:23:08.986+07:00 DEBUG 16668 --- [blogsystem] [           main] o.s.s.w.a.AnonymousAuthenticationFilter  : Set SecurityContextHolder to anonymous SecurityContext
2026-08-21T04:23:08.986+07:00 DEBUG 16668 --- [blogsystem] [           main] o.s.security.web.FilterChainProxy        : Secured GET /api/posts/slug/slug-post-2d4ff4c5
Hibernate: 
    insert 
    into
        users
        (avatar, biography, cover_image, created_at, email, followers_count, following_count, full_name, is_active, password_hash, updated_at, username, id) 
    values
        (?, ?, ?, ?, ?, ?, ?, ?, ?, ?, ?, ?, ?)
Hibernate: 
    insert 
    into
        categories
        (created_at, description, name, slug, updated_at, id) 
    values
        (?, ?, ?, ?, ?, ?)
Hibernate: 
    insert 
    into
        posts
        (author_id, category_id, content_markdown, cover_image, created_at, likes_count, published_at, slug, status, summary, title, updated_at, view_count, id) 
    values
        (?, ?, ?, ?, ?, ?, ?, ?, ?, ?, ?, ?, ?, ?)
Hibernate: 
    insert 
    into
        user_roles
        (user_id, role_id) 
    values
        (?, ?)
Hibernate: 
    select
        p1_0.id,
        p1_0.author_id,
        p1_0.category_id,
        p1_0.content_markdown,
        p1_0.cover_image,
        p1_0.created_at,
        p1_0.likes_count,
        p1_0.published_at,
        p1_0.slug,
        p1_0.status,
        p1_0.summary,
        p1_0.title,
        p1_0.updated_at,
        p1_0.view_count 
    from
        posts p1_0 
    where
        p1_0.slug=?
Hibernate: 
    select
        r1_0.id,
        r1_0.description,
        r1_0.role_name 
    from
        roles r1_0 
    where
        r1_0.role_name=?
Hibernate: 
    select
        r1_0.id,
        r1_0.description,
        r1_0.role_name 
    from
        roles r1_0 
    where
        r1_0.role_name=?
2026-08-21T04:23:09.131+07:00 DEBUG 16668 --- [blogsystem] [           main] o.s.security.web.FilterChainProxy        : Securing GET /api/posts/my-posts
2026-08-21T04:23:09.131+07:00 DEBUG 16668 --- [blogsystem] [           main] o.s.security.web.FilterChainProxy        : Secured GET /api/posts/my-posts
Hibernate: 
    insert 
    into
        users
        (avatar, biography, cover_image, created_at, email, followers_count, following_count, full_name, is_active, password_hash, updated_at, username, id) 
    values
        (?, ?, ?, ?, ?, ?, ?, ?, ?, ?, ?, ?, ?)
Hibernate: 
    insert 
    into
        users
        (avatar, biography, cover_image, created_at, email, followers_count, following_count, full_name, is_active, password_hash, updated_at, username, id) 
    values
        (?, ?, ?, ?, ?, ?, ?, ?, ?, ?, ?, ?, ?)
Hibernate: 
    insert 
    into
        categories
        (created_at, description, name, slug, updated_at, id) 
    values
        (?, ?, ?, ?, ?, ?)
Hibernate: 
    insert 
    into
        posts
        (author_id, category_id, content_markdown, cover_image, created_at, likes_count, published_at, slug, status, summary, title, updated_at, view_count, id) 
    values
        (?, ?, ?, ?, ?, ?, ?, ?, ?, ?, ?, ?, ?, ?)
Hibernate: 
    insert 
    into
        posts
        (author_id, category_id, content_markdown, cover_image, created_at, likes_count, published_at, slug, status, summary, title, updated_at, view_count, id) 
    values
        (?, ?, ?, ?, ?, ?, ?, ?, ?, ?, ?, ?, ?, ?)
Hibernate: 
    insert 
    into
        user_roles
        (user_id, role_id) 
    values
        (?, ?)
Hibernate: 
    insert 
    into
        user_roles
        (user_id, role_id) 
    values
        (?, ?)
Hibernate: 
    select
        p1_0.id,
        p1_0.author_id,
        p1_0.category_id,
        p1_0.content_markdown,
        p1_0.cover_image,
        p1_0.created_at,
        p1_0.likes_count,
        p1_0.published_at,
        p1_0.slug,
        p1_0.status,
        p1_0.summary,
        p1_0.title,
        p1_0.updated_at,
        p1_0.view_count 
    from
        posts p1_0 
    left join
        users a1_0 
            on a1_0.id=p1_0.author_id 
    where
        a1_0.username=? 
    order by
        p1_0.created_at desc 
    fetch
        first ? rows only
2026-08-21T04:23:09.155+07:00 DEBUG 16668 --- [blogsystem] [           main] o.s.security.web.FilterChainProxy        : Securing GET /api/posts/slug/bai-viet-khong-ton-tai-123456
2026-08-21T04:23:09.155+07:00 DEBUG 16668 --- [blogsystem] [           main] o.s.s.w.a.AnonymousAuthenticationFilter  : Set SecurityContextHolder to anonymous SecurityContext
2026-08-21T04:23:09.155+07:00 DEBUG 16668 --- [blogsystem] [           main] o.s.security.web.FilterChainProxy        : Secured GET /api/posts/slug/bai-viet-khong-ton-tai-123456
Hibernate: 
    select
        p1_0.id,
        p1_0.author_id,
        p1_0.category_id,
        p1_0.content_markdown,
        p1_0.cover_image,
        p1_0.created_at,
        p1_0.likes_count,
        p1_0.published_at,
        p1_0.slug,
        p1_0.status,
        p1_0.summary,
        p1_0.title,
        p1_0.updated_at,
        p1_0.view_count 
    from
        posts p1_0 
    where
        p1_0.slug=?
Hibernate: 
    select
        r1_0.id,
        r1_0.description,
        r1_0.role_name 
    from
        roles r1_0 
    where
        r1_0.role_name=?
2026-08-21T04:23:09.231+07:00 DEBUG 16668 --- [blogsystem] [           main] o.s.security.web.FilterChainProxy        : Securing GET /api/posts
2026-08-21T04:23:09.231+07:00 DEBUG 16668 --- [blogsystem] [           main] o.s.s.w.a.AnonymousAuthenticationFilter  : Set SecurityContextHolder to anonymous SecurityContext
2026-08-21T04:23:09.231+07:00 DEBUG 16668 --- [blogsystem] [           main] o.s.security.web.FilterChainProxy        : Secured GET /api/posts
Hibernate: 
    insert 
    into
        users
        (avatar, biography, cover_image, created_at, email, followers_count, following_count, full_name, is_active, password_hash, updated_at, username, id) 
    values
        (?, ?, ?, ?, ?, ?, ?, ?, ?, ?, ?, ?, ?)
Hibernate: 
    insert 
    into
        categories
        (created_at, description, name, slug, updated_at, id) 
    values
        (?, ?, ?, ?, ?, ?)
Hibernate: 
    insert 
    into
        posts
        (author_id, category_id, content_markdown, cover_image, created_at, likes_count, published_at, slug, status, summary, title, updated_at, view_count, id) 
    values
        (?, ?, ?, ?, ?, ?, ?, ?, ?, ?, ?, ?, ?, ?)
Hibernate: 
    insert 
    into
        user_roles
        (user_id, role_id) 
    values
        (?, ?)
Hibernate: 
    select
        distinct p1_0.id,
        p1_0.author_id,
        p1_0.category_id,
        p1_0.content_markdown,
        p1_0.cover_image,
        p1_0.created_at,
        p1_0.likes_count,
        p1_0.published_at,
        p1_0.slug,
        p1_0.status,
        p1_0.summary,
        p1_0.title,
        p1_0.updated_at,
        p1_0.view_count 
    from
        posts p1_0 
    left join
        post_tags t1_0 
            on p1_0.id=t1_0.post_id 
    left join
        tags t1_1 
            on t1_1.id=t1_0.tag_id 
    join
        categories c1_0 
            on c1_0.id=p1_0.category_id 
    where
        (
            ? is null 
            or c1_0.slug=?
        ) 
        and (
            ? is null 
            or t1_1.slug=?
        ) 
        and (
            ? is null 
            or p1_0.status=?
        ) 
        and (
            lower(p1_0.title) like lower(('%'||?||'%')) escape '' 
            or lower(p1_0.summary) like lower(('%'||?||'%')) escape ''
        ) 
    order by
        p1_0.created_at desc 
    fetch
        first ? rows only
[INFO] Tests run: 9, Failures: 0, Errors: 0, Skipped: 0, Time elapsed: 0.708 s -- in com.blog.blogsystem.controller.PostControllerTest
[INFO] Running com.blog.blogsystem.controller.TagControllerTest
2026-08-21T04:23:09.267+07:00  INFO 16668 --- [blogsystem] [           main] t.c.s.AnnotationConfigContextLoaderUtils : Could not detect default configuration classes for test class [com.blog.blogsystem.controller.TagControllerTest]: TagControllerTest does not declare any static, non-private, non-final, nested classes annotated with @Configuration.
2026-08-21T04:23:09.270+07:00  INFO 16668 --- [blogsystem] [           main] .b.t.c.SpringBootTestContextBootstrapper : Found @SpringBootConfiguration com.blog.blogsystem.BlogsystemApplication for test class com.blog.blogsystem.controller.TagControllerTest
2026-08-21T04:23:09.271+07:00  INFO 16668 --- [blogsystem] [           main] t.c.s.AnnotationConfigContextLoaderUtils : Could not detect default configuration classes for test class [com.blog.blogsystem.controller.TagControllerTest]: TagControllerTest does not declare any static, non-private, non-final, nested classes annotated with @Configuration.
2026-08-21T04:23:09.274+07:00  INFO 16668 --- [blogsystem] [           main] .b.t.c.SpringBootTestContextBootstrapper : Found @SpringBootConfiguration com.blog.blogsystem.BlogsystemApplication for test class com.blog.blogsystem.controller.TagControllerTest
2026-08-21T04:23:09.283+07:00 DEBUG 16668 --- [blogsystem] [           main] o.s.security.web.FilterChainProxy        : Securing POST /api/tags
2026-08-21T04:23:09.284+07:00 DEBUG 16668 --- [blogsystem] [           main] o.s.security.web.FilterChainProxy        : Secured POST /api/tags
2026-08-21T04:23:09.303+07:00 DEBUG 16668 --- [blogsystem] [           main] o.s.security.web.FilterChainProxy        : Securing GET /api/tags
2026-08-21T04:23:09.304+07:00 DEBUG 16668 --- [blogsystem] [           main] o.s.s.w.a.AnonymousAuthenticationFilter  : Set SecurityContextHolder to anonymous SecurityContext
2026-08-21T04:23:09.304+07:00 DEBUG 16668 --- [blogsystem] [           main] o.s.security.web.FilterChainProxy        : Secured GET /api/tags
Hibernate: 
    insert 
    into
        tags
        (name, slug, id) 
    values
        (?, ?, ?)
Hibernate: 
    SELECT
        t.id as id,
        t.name as name,
        t.slug as slug,
        COUNT(pt.post_id) as postCount 
    FROM
        tags t 
    LEFT JOIN
        post_tags pt 
            ON t.id = pt.tag_id 
    GROUP BY
        t.id,
        t.name,
        t.slug 
    order by
        name asc 
    fetch
        first ? rows only
2026-08-21T04:23:09.394+07:00 DEBUG 16668 --- [blogsystem] [           main] o.s.security.web.FilterChainProxy        : Securing GET /api/tags/search
2026-08-21T04:23:09.394+07:00 DEBUG 16668 --- [blogsystem] [           main] o.s.s.w.a.AnonymousAuthenticationFilter  : Set SecurityContextHolder to anonymous SecurityContext
2026-08-21T04:23:09.394+07:00 DEBUG 16668 --- [blogsystem] [           main] o.s.security.web.FilterChainProxy        : Secured GET /api/tags/search
Hibernate: 
    insert 
    into
        tags
        (name, slug, id) 
    values
        (?, ?, ?)
Hibernate: 
    select
        t1_0.id,
        t1_0.name,
        t1_0.slug 
    from
        tags t1_0 
    where
        upper(t1_0.name) like upper(?) escape '\'
2026-08-21T04:23:09.419+07:00 DEBUG 16668 --- [blogsystem] [           main] o.s.security.web.FilterChainProxy        : Securing PUT /api/tags/ba1d91fe-ad90-4edd-bc2c-a13674de6bf8
2026-08-21T04:23:09.420+07:00 DEBUG 16668 --- [blogsystem] [           main] o.s.security.web.FilterChainProxy        : Secured PUT /api/tags/ba1d91fe-ad90-4edd-bc2c-a13674de6bf8
2026-08-21T04:23:09.421+07:00 DEBUG 16668 --- [blogsystem] [           main] horizationManagerBeforeMethodInterceptor : Authorizing method invocation ReflectiveMethodInvocation: public org.springframework.http.ResponseEntity com.blog.blogsystem.controller.TagController.updateTag(java.util.UUID,com.blog.blogsystem.dto.request.TagRequest); target is of class [com.blog.blogsystem.controller.TagController]
2026-08-21T04:23:09.421+07:00 DEBUG 16668 --- [blogsystem] [           main] horizationManagerBeforeMethodInterceptor : Authorized method invocation ReflectiveMethodInvocation: public org.springframework.http.ResponseEntity com.blog.blogsystem.controller.TagController.updateTag(java.util.UUID,com.blog.blogsystem.dto.request.TagRequest); target is of class [com.blog.blogsystem.controller.TagController]
Hibernate: 
    insert 
    into
        tags
        (name, slug, id) 
    values
        (?, ?, ?)
Hibernate: 
    select
        t1_0.id 
    from
        tags t1_0 
    where
        t1_0.slug=? 
    fetch
        first ? rows only
2026-08-21T04:23:09.435+07:00 DEBUG 16668 --- [blogsystem] [           main] o.s.security.web.FilterChainProxy        : Securing GET /api/tags/slug/backend-e74f1448
2026-08-21T04:23:09.436+07:00 DEBUG 16668 --- [blogsystem] [           main] o.s.s.w.a.AnonymousAuthenticationFilter  : Set SecurityContextHolder to anonymous SecurityContext
2026-08-21T04:23:09.436+07:00 DEBUG 16668 --- [blogsystem] [           main] o.s.security.web.FilterChainProxy        : Secured GET /api/tags/slug/backend-e74f1448
Hibernate: 
    insert 
    into
        tags
        (name, slug, id) 
    values
        (?, ?, ?)
Hibernate: 
    select
        t1_0.id,
        t1_0.name,
        t1_0.slug 
    from
        tags t1_0 
    where
        t1_0.slug=?
2026-08-21T04:23:09.448+07:00 DEBUG 16668 --- [blogsystem] [           main] o.s.security.web.FilterChainProxy        : Securing POST /api/tags
2026-08-21T04:23:09.449+07:00 DEBUG 16668 --- [blogsystem] [           main] o.s.security.web.FilterChainProxy        : Secured POST /api/tags
2026-08-21T04:23:09.450+07:00 DEBUG 16668 --- [blogsystem] [           main] horizationManagerBeforeMethodInterceptor : Authorizing method invocation ReflectiveMethodInvocation: public org.springframework.http.ResponseEntity com.blog.blogsystem.controller.TagController.createTag(com.blog.blogsystem.dto.request.TagRequest); target is of class [com.blog.blogsystem.controller.TagController]
2026-08-21T04:23:09.450+07:00 DEBUG 16668 --- [blogsystem] [           main] horizationManagerBeforeMethodInterceptor : Authorized method invocation ReflectiveMethodInvocation: public org.springframework.http.ResponseEntity com.blog.blogsystem.controller.TagController.createTag(com.blog.blogsystem.dto.request.TagRequest); target is of class [com.blog.blogsystem.controller.TagController]
Hibernate: 
    select
        t1_0.id 
    from
        tags t1_0 
    where
        t1_0.slug=? 
    fetch
        first ? rows only
Hibernate: 
    select
        t1_0.id 
    from
        tags t1_0 
    where
        t1_0.name=? 
    fetch
        first ? rows only
2026-08-21T04:23:09.462+07:00 DEBUG 16668 --- [blogsystem] [           main] o.s.security.web.FilterChainProxy        : Securing DELETE /api/tags/42315c6d-0f81-464b-8448-48995107f5f6
2026-08-21T04:23:09.463+07:00 DEBUG 16668 --- [blogsystem] [           main] o.s.security.web.FilterChainProxy        : Secured DELETE /api/tags/42315c6d-0f81-464b-8448-48995107f5f6
2026-08-21T04:23:09.463+07:00 DEBUG 16668 --- [blogsystem] [           main] horizationManagerBeforeMethodInterceptor : Authorizing method invocation ReflectiveMethodInvocation: public org.springframework.http.ResponseEntity com.blog.blogsystem.controller.TagController.deleteTag(java.util.UUID); target is of class [com.blog.blogsystem.controller.TagController]
2026-08-21T04:23:09.464+07:00 DEBUG 16668 --- [blogsystem] [           main] horizationManagerBeforeMethodInterceptor : Authorized method invocation ReflectiveMethodInvocation: public org.springframework.http.ResponseEntity com.blog.blogsystem.controller.TagController.deleteTag(java.util.UUID); target is of class [com.blog.blogsystem.controller.TagController]
Hibernate: 
    insert 
    into
        tags
        (name, slug, id) 
    values
        (?, ?, ?)
Hibernate: 
    select
        count(*) 
    from
        tags t1_0 
    where
        t1_0.id=?
2026-08-21T04:23:09.478+07:00 DEBUG 16668 --- [blogsystem] [           main] o.s.security.web.FilterChainProxy        : Securing POST /api/tags
2026-08-21T04:23:09.478+07:00 DEBUG 16668 --- [blogsystem] [           main] o.s.security.web.FilterChainProxy        : Secured POST /api/tags
2026-08-21T04:23:09.479+07:00 DEBUG 16668 --- [blogsystem] [           main] horizationManagerBeforeMethodInterceptor : Authorizing method invocation ReflectiveMethodInvocation: public org.springframework.http.ResponseEntity com.blog.blogsystem.controller.TagController.createTag(com.blog.blogsystem.dto.request.TagRequest); target is of class [com.blog.blogsystem.controller.TagController]
2026-08-21T04:23:09.479+07:00 DEBUG 16668 --- [blogsystem] [           main] horizationManagerBeforeMethodInterceptor : Failed to authorize ReflectiveMethodInvocation: public org.springframework.http.ResponseEntity com.blog.blogsystem.controller.TagController.createTag(com.blog.blogsystem.dto.request.TagRequest); target is of class [com.blog.blogsystem.controller.TagController] with authorization manager org.springframework.security.authorization.method.PreAuthorizeAuthorizationManager@16caff76 and result ExpressionAuthorizationDecision [granted=false, expressionAttribute=hasAnyRole('ADMIN', 'EDITOR')]
[INFO] Tests run: 8, Failures: 0, Errors: 0, Skipped: 0, Time elapsed: 0.217 s -- in com.blog.blogsystem.controller.TagControllerTest
[INFO] Running com.blog.blogsystem.controller.UserControllerTest
2026-08-21T04:23:09.486+07:00  INFO 16668 --- [blogsystem] [           main] t.c.s.AnnotationConfigContextLoaderUtils : Could not detect default configuration classes for test class [com.blog.blogsystem.controller.UserControllerTest]: UserControllerTest does not declare any static, non-private, non-final, nested classes annotated with @Configuration.
2026-08-21T04:23:09.489+07:00  INFO 16668 --- [blogsystem] [           main] .b.t.c.SpringBootTestContextBootstrapper : Found @SpringBootConfiguration com.blog.blogsystem.BlogsystemApplication for test class com.blog.blogsystem.controller.UserControllerTest
2026-08-21T04:23:09.490+07:00  INFO 16668 --- [blogsystem] [           main] t.c.s.AnnotationConfigContextLoaderUtils : Could not detect default configuration classes for test class [com.blog.blogsystem.controller.UserControllerTest]: UserControllerTest does not declare any static, non-private, non-final, nested classes annotated with @Configuration.
2026-08-21T04:23:09.491+07:00  INFO 16668 --- [blogsystem] [           main] .b.t.c.SpringBootTestContextBootstrapper : Found @SpringBootConfiguration com.blog.blogsystem.BlogsystemApplication for test class com.blog.blogsystem.controller.UserControllerTest
Hibernate: 
    select
        r1_0.id,
        r1_0.description,
        r1_0.role_name 
    from
        roles r1_0 
    where
        r1_0.role_name=?
Hibernate: 
    select
        r1_0.id,
        r1_0.description,
        r1_0.role_name 
    from
        roles r1_0 
    where
        r1_0.role_name=?
2026-08-21T04:23:09.664+07:00 DEBUG 16668 --- [blogsystem] [           main] o.s.security.web.FilterChainProxy        : Securing GET /api/users/me/followers
2026-08-21T04:23:09.664+07:00 DEBUG 16668 --- [blogsystem] [           main] o.s.security.web.FilterChainProxy        : Secured GET /api/users/me/followers
2026-08-21T04:23:09.665+07:00 DEBUG 16668 --- [blogsystem] [           main] horizationManagerBeforeMethodInterceptor : Authorizing method invocation ReflectiveMethodInvocation: public org.springframework.http.ResponseEntity com.blog.blogsystem.controller.UserController.getMyFollowers(int,int); target is of class [com.blog.blogsystem.controller.UserController]
2026-08-21T04:23:09.666+07:00 DEBUG 16668 --- [blogsystem] [           main] horizationManagerBeforeMethodInterceptor : Authorized method invocation ReflectiveMethodInvocation: public org.springframework.http.ResponseEntity com.blog.blogsystem.controller.UserController.getMyFollowers(int,int); target is of class [com.blog.blogsystem.controller.UserController]
Hibernate: 
    insert 
    into
        users
        (avatar, biography, cover_image, created_at, email, followers_count, following_count, full_name, is_active, password_hash, updated_at, username, id) 
    values
        (?, ?, ?, ?, ?, ?, ?, ?, ?, ?, ?, ?, ?)
Hibernate: 
    insert 
    into
        users
        (avatar, biography, cover_image, created_at, email, followers_count, following_count, full_name, is_active, password_hash, updated_at, username, id) 
    values
        (?, ?, ?, ?, ?, ?, ?, ?, ?, ?, ?, ?, ?)
Hibernate: 
    insert 
    into
        user_follows
        (created_at, follower_id, following_id, id) 
    values
        (?, ?, ?, ?)
Hibernate: 
    insert 
    into
        user_roles
        (user_id, role_id) 
    values
        (?, ?)
Hibernate: 
    insert 
    into
        user_roles
        (user_id, role_id) 
    values
        (?, ?)
Hibernate: 
    select
        u1_0.id,
        u1_0.avatar,
        u1_0.biography,
        u1_0.cover_image,
        u1_0.created_at,
        u1_0.email,
        u1_0.followers_count,
        u1_0.following_count,
        u1_0.full_name,
        u1_0.is_active,
        u1_0.password_hash,
        u1_0.updated_at,
        u1_0.username 
    from
        users u1_0 
    where
        u1_0.username=?
Hibernate: 
    select
        uf1_0.id,
        uf1_0.created_at,
        uf1_0.follower_id,
        uf1_0.following_id 
    from
        user_follows uf1_0 
    where
        uf1_0.following_id=? 
    order by
        uf1_0.created_at desc 
    fetch
        first ? rows only
Hibernate: 
    select
        r1_0.id,
        r1_0.description,
        r1_0.role_name 
    from
        roles r1_0 
    where
        r1_0.role_name=?
2026-08-21T04:23:09.764+07:00 DEBUG 16668 --- [blogsystem] [           main] o.s.security.web.FilterChainProxy        : Securing GET /api/users/author_posts/posts
2026-08-21T04:23:09.764+07:00 DEBUG 16668 --- [blogsystem] [           main] o.s.s.w.a.AnonymousAuthenticationFilter  : Set SecurityContextHolder to anonymous SecurityContext
2026-08-21T04:23:09.764+07:00 DEBUG 16668 --- [blogsystem] [           main] o.s.security.web.FilterChainProxy        : Secured GET /api/users/author_posts/posts
Hibernate: 
    insert 
    into
        users
        (avatar, biography, cover_image, created_at, email, followers_count, following_count, full_name, is_active, password_hash, updated_at, username, id) 
    values
        (?, ?, ?, ?, ?, ?, ?, ?, ?, ?, ?, ?, ?)
Hibernate: 
    insert 
    into
        categories
        (created_at, description, name, slug, updated_at, id) 
    values
        (?, ?, ?, ?, ?, ?)
Hibernate: 
    insert 
    into
        posts
        (author_id, category_id, content_markdown, cover_image, created_at, likes_count, published_at, slug, status, summary, title, updated_at, view_count, id) 
    values
        (?, ?, ?, ?, ?, ?, ?, ?, ?, ?, ?, ?, ?, ?)
Hibernate: 
    insert 
    into
        posts
        (author_id, category_id, content_markdown, cover_image, created_at, likes_count, published_at, slug, status, summary, title, updated_at, view_count, id) 
    values
        (?, ?, ?, ?, ?, ?, ?, ?, ?, ?, ?, ?, ?, ?)
Hibernate: 
    insert 
    into
        user_roles
        (user_id, role_id) 
    values
        (?, ?)
Hibernate: 
    select
        p1_0.id,
        p1_0.author_id,
        p1_0.category_id,
        p1_0.content_markdown,
        p1_0.cover_image,
        p1_0.created_at,
        p1_0.likes_count,
        p1_0.published_at,
        p1_0.slug,
        p1_0.status,
        p1_0.summary,
        p1_0.title,
        p1_0.updated_at,
        p1_0.view_count 
    from
        posts p1_0 
    left join
        users a1_0 
            on a1_0.id=p1_0.author_id 
    where
        a1_0.username=? 
        and p1_0.status=? 
    order by
        p1_0.created_at desc 
    fetch
        first ? rows only
Hibernate: 
    select
        r1_0.id,
        r1_0.description,
        r1_0.role_name 
    from
        roles r1_0 
    where
        r1_0.role_name=?
2026-08-21T04:23:09.858+07:00 DEBUG 16668 --- [blogsystem] [           main] o.s.security.web.FilterChainProxy        : Securing PUT /api/users/ca078797-f262-447f-bdd7-31dfabc9551f/role
2026-08-21T04:23:09.858+07:00 DEBUG 16668 --- [blogsystem] [           main] o.s.security.web.FilterChainProxy        : Secured PUT /api/users/ca078797-f262-447f-bdd7-31dfabc9551f/role
2026-08-21T04:23:09.860+07:00 DEBUG 16668 --- [blogsystem] [           main] horizationManagerBeforeMethodInterceptor : Authorizing method invocation ReflectiveMethodInvocation: public org.springframework.http.ResponseEntity com.blog.blogsystem.controller.UserController.updateUserRole(java.util.UUID,java.util.Map); target is of class [com.blog.blogsystem.controller.UserController]
2026-08-21T04:23:09.861+07:00 DEBUG 16668 --- [blogsystem] [           main] horizationManagerBeforeMethodInterceptor : Authorized method invocation ReflectiveMethodInvocation: public org.springframework.http.ResponseEntity com.blog.blogsystem.controller.UserController.updateUserRole(java.util.UUID,java.util.Map); target is of class [com.blog.blogsystem.controller.UserController]
Hibernate: 
    select
        r1_0.id,
        r1_0.description,
        r1_0.role_name 
    from
        roles r1_0 
    where
        r1_0.role_name=?
Hibernate: 
    select
        r1_0.id,
        r1_0.description,
        r1_0.role_name 
    from
        roles r1_0 
    where
        r1_0.role_name=?
2026-08-21T04:23:09.947+07:00 DEBUG 16668 --- [blogsystem] [           main] o.s.security.web.FilterChainProxy        : Securing GET /api/users/me
2026-08-21T04:23:09.947+07:00 DEBUG 16668 --- [blogsystem] [           main] o.s.security.web.FilterChainProxy        : Secured GET /api/users/me
Hibernate: 
    insert 
    into
        users
        (avatar, biography, cover_image, created_at, email, followers_count, following_count, full_name, is_active, password_hash, updated_at, username, id) 
    values
        (?, ?, ?, ?, ?, ?, ?, ?, ?, ?, ?, ?, ?)
Hibernate: 
    insert 
    into
        user_roles
        (user_id, role_id) 
    values
        (?, ?)
Hibernate: 
    select
        u1_0.id,
        u1_0.avatar,
        u1_0.biography,
        u1_0.cover_image,
        u1_0.created_at,
        u1_0.email,
        u1_0.followers_count,
        u1_0.following_count,
        u1_0.full_name,
        u1_0.is_active,
        u1_0.password_hash,
        u1_0.updated_at,
        u1_0.username 
    from
        users u1_0 
    where
        u1_0.username=?
Hibernate: 
    select
        r1_0.id,
        r1_0.description,
        r1_0.role_name 
    from
        roles r1_0 
    where
        r1_0.role_name=?
Hibernate: 
    select
        r1_0.id,
        r1_0.description,
        r1_0.role_name 
    from
        roles r1_0 
    where
        r1_0.role_name=?
2026-08-21T04:23:10.119+07:00 DEBUG 16668 --- [blogsystem] [           main] o.s.security.web.FilterChainProxy        : Securing GET /api/users/me/following
2026-08-21T04:23:10.119+07:00 DEBUG 16668 --- [blogsystem] [           main] o.s.security.web.FilterChainProxy        : Secured GET /api/users/me/following
2026-08-21T04:23:10.121+07:00 DEBUG 16668 --- [blogsystem] [           main] horizationManagerBeforeMethodInterceptor : Authorizing method invocation ReflectiveMethodInvocation: public org.springframework.http.ResponseEntity com.blog.blogsystem.controller.UserController.getMyFollowing(int,int); target is of class [com.blog.blogsystem.controller.UserController]
2026-08-21T04:23:10.121+07:00 DEBUG 16668 --- [blogsystem] [           main] horizationManagerBeforeMethodInterceptor : Authorized method invocation ReflectiveMethodInvocation: public org.springframework.http.ResponseEntity com.blog.blogsystem.controller.UserController.getMyFollowing(int,int); target is of class [com.blog.blogsystem.controller.UserController]
Hibernate: 
    insert 
    into
        users
        (avatar, biography, cover_image, created_at, email, followers_count, following_count, full_name, is_active, password_hash, updated_at, username, id) 
    values
        (?, ?, ?, ?, ?, ?, ?, ?, ?, ?, ?, ?, ?)
Hibernate: 
    insert 
    into
        users
        (avatar, biography, cover_image, created_at, email, followers_count, following_count, full_name, is_active, password_hash, updated_at, username, id) 
    values
        (?, ?, ?, ?, ?, ?, ?, ?, ?, ?, ?, ?, ?)
Hibernate: 
    insert 
    into
        user_follows
        (created_at, follower_id, following_id, id) 
    values
        (?, ?, ?, ?)
Hibernate: 
    insert 
    into
        user_roles
        (user_id, role_id) 
    values
        (?, ?)
Hibernate: 
    insert 
    into
        user_roles
        (user_id, role_id) 
    values
        (?, ?)
Hibernate: 
    select
        u1_0.id,
        u1_0.avatar,
        u1_0.biography,
        u1_0.cover_image,
        u1_0.created_at,
        u1_0.email,
        u1_0.followers_count,
        u1_0.following_count,
        u1_0.full_name,
        u1_0.is_active,
        u1_0.password_hash,
        u1_0.updated_at,
        u1_0.username 
    from
        users u1_0 
    where
        u1_0.username=?
Hibernate: 
    select
        uf1_0.id,
        uf1_0.created_at,
        uf1_0.follower_id,
        uf1_0.following_id 
    from
        user_follows uf1_0 
    where
        uf1_0.follower_id=? 
    order by
        uf1_0.created_at desc 
    fetch
        first ? rows only
Hibernate: 
    select
        r1_0.id,
        r1_0.description,
        r1_0.role_name 
    from
        roles r1_0 
    where
        r1_0.role_name=?
Hibernate: 
    select
        r1_0.id,
        r1_0.description,
        r1_0.role_name 
    from
        roles r1_0 
    where
        r1_0.role_name=?
2026-08-21T04:23:10.273+07:00 DEBUG 16668 --- [blogsystem] [           main] o.s.security.web.FilterChainProxy        : Securing GET /api/users
2026-08-21T04:23:10.273+07:00 DEBUG 16668 --- [blogsystem] [           main] o.s.security.web.FilterChainProxy        : Secured GET /api/users
2026-08-21T04:23:10.275+07:00 DEBUG 16668 --- [blogsystem] [           main] horizationManagerBeforeMethodInterceptor : Authorizing method invocation ReflectiveMethodInvocation: public org.springframework.http.ResponseEntity com.blog.blogsystem.controller.UserController.getAllUsers(int,int,java.lang.String,java.lang.String,java.lang.String,java.lang.String); target is of class [com.blog.blogsystem.controller.UserController]
2026-08-21T04:23:10.276+07:00 DEBUG 16668 --- [blogsystem] [           main] horizationManagerBeforeMethodInterceptor : Authorized method invocation ReflectiveMethodInvocation: public org.springframework.http.ResponseEntity com.blog.blogsystem.controller.UserController.getAllUsers(int,int,java.lang.String,java.lang.String,java.lang.String,java.lang.String); target is of class [com.blog.blogsystem.controller.UserController]
Hibernate: 
    insert 
    into
        users
        (avatar, biography, cover_image, created_at, email, followers_count, following_count, full_name, is_active, password_hash, updated_at, username, id) 
    values
        (?, ?, ?, ?, ?, ?, ?, ?, ?, ?, ?, ?, ?)
Hibernate: 
    insert 
    into
        users
        (avatar, biography, cover_image, created_at, email, followers_count, following_count, full_name, is_active, password_hash, updated_at, username, id) 
    values
        (?, ?, ?, ?, ?, ?, ?, ?, ?, ?, ?, ?, ?)
Hibernate: 
    insert 
    into
        user_roles
        (user_id, role_id) 
    values
        (?, ?)
Hibernate: 
    insert 
    into
        user_roles
        (user_id, role_id) 
    values
        (?, ?)
Hibernate: 
    select
        u1_0.id,
        u1_0.avatar,
        u1_0.biography,
        u1_0.cover_image,
        u1_0.created_at,
        u1_0.email,
        u1_0.followers_count,
        u1_0.following_count,
        u1_0.full_name,
        u1_0.is_active,
        u1_0.password_hash,
        u1_0.updated_at,
        u1_0.username 
    from
        users u1_0 
    order by
        u1_0.created_at desc 
    offset
        ? rows 
    fetch
        first ? rows only
Hibernate: 
    select
        r1_0.user_id,
        r1_1.id,
        r1_1.description,
        r1_1.role_name 
    from
        user_roles r1_0 
    join
        roles r1_1 
            on r1_1.id=r1_0.role_id 
    where
        r1_0.user_id=?
Hibernate: 
    select
        r1_0.user_id,
        r1_1.id,
        r1_1.description,
        r1_1.role_name 
    from
        user_roles r1_0 
    join
        roles r1_1 
            on r1_1.id=r1_0.role_id 
    where
        r1_0.user_id=?
Hibernate: 
    select
        r1_0.user_id,
        r1_1.id,
        r1_1.description,
        r1_1.role_name 
    from
        user_roles r1_0 
    join
        roles r1_1 
            on r1_1.id=r1_0.role_id 
    where
        r1_0.user_id=?
Hibernate: 
    select
        r1_0.user_id,
        r1_1.id,
        r1_1.description,
        r1_1.role_name 
    from
        user_roles r1_0 
    join
        roles r1_1 
            on r1_1.id=r1_0.role_id 
    where
        r1_0.user_id=?
Hibernate: 
    select
        r1_0.user_id,
        r1_1.id,
        r1_1.description,
        r1_1.role_name 
    from
        user_roles r1_0 
    join
        roles r1_1 
            on r1_1.id=r1_0.role_id 
    where
        r1_0.user_id=?
Hibernate: 
    select
        r1_0.user_id,
        r1_1.id,
        r1_1.description,
        r1_1.role_name 
    from
        user_roles r1_0 
    join
        roles r1_1 
            on r1_1.id=r1_0.role_id 
    where
        r1_0.user_id=?
Hibernate: 
    select
        r1_0.user_id,
        r1_1.id,
        r1_1.description,
        r1_1.role_name 
    from
        user_roles r1_0 
    join
        roles r1_1 
            on r1_1.id=r1_0.role_id 
    where
        r1_0.user_id=?
Hibernate: 
    select
        r1_0.user_id,
        r1_1.id,
        r1_1.description,
        r1_1.role_name 
    from
        user_roles r1_0 
    join
        roles r1_1 
            on r1_1.id=r1_0.role_id 
    where
        r1_0.user_id=?
Hibernate: 
    select
        count(u1_0.id) 
    from
        users u1_0
Hibernate: 
    select
        r1_0.id,
        r1_0.description,
        r1_0.role_name 
    from
        roles r1_0 
    where
        r1_0.role_name=?
Hibernate: 
    select
        r1_0.id,
        r1_0.description,
        r1_0.role_name 
    from
        roles r1_0 
    where
        r1_0.role_name=?
2026-08-21T04:23:10.453+07:00 DEBUG 16668 --- [blogsystem] [           main] o.s.security.web.FilterChainProxy        : Securing GET /api/users/author_public
2026-08-21T04:23:10.453+07:00 DEBUG 16668 --- [blogsystem] [           main] o.s.security.web.FilterChainProxy        : Secured GET /api/users/author_public
Hibernate: 
    insert 
    into
        users
        (avatar, biography, cover_image, created_at, email, followers_count, following_count, full_name, is_active, password_hash, updated_at, username, id) 
    values
        (?, ?, ?, ?, ?, ?, ?, ?, ?, ?, ?, ?, ?)
Hibernate: 
    insert 
    into
        users
        (avatar, biography, cover_image, created_at, email, followers_count, following_count, full_name, is_active, password_hash, updated_at, username, id) 
    values
        (?, ?, ?, ?, ?, ?, ?, ?, ?, ?, ?, ?, ?)
Hibernate: 
    insert 
    into
        categories
        (created_at, description, name, slug, updated_at, id) 
    values
        (?, ?, ?, ?, ?, ?)
Hibernate: 
    insert 
    into
        posts
        (author_id, category_id, content_markdown, cover_image, created_at, likes_count, published_at, slug, status, summary, title, updated_at, view_count, id) 
    values
        (?, ?, ?, ?, ?, ?, ?, ?, ?, ?, ?, ?, ?, ?)
Hibernate: 
    insert 
    into
        user_follows
        (created_at, follower_id, following_id, id) 
    values
        (?, ?, ?, ?)
Hibernate: 
    insert 
    into
        user_roles
        (user_id, role_id) 
    values
        (?, ?)
Hibernate: 
    insert 
    into
        user_roles
        (user_id, role_id) 
    values
        (?, ?)
Hibernate: 
    select
        u1_0.id,
        u1_0.avatar,
        u1_0.biography,
        u1_0.cover_image,
        u1_0.created_at,
        u1_0.email,
        u1_0.followers_count,
        u1_0.following_count,
        u1_0.full_name,
        u1_0.is_active,
        u1_0.password_hash,
        u1_0.updated_at,
        u1_0.username 
    from
        users u1_0 
    where
        u1_0.username=?
Hibernate: 
    select
        count(p1_0.id) 
    from
        posts p1_0 
    left join
        users a1_0 
            on a1_0.id=p1_0.author_id 
    where
        a1_0.username=?
Hibernate: 
    select
        count(uf1_0.id) 
    from
        user_follows uf1_0 
    where
        uf1_0.following_id=?
Hibernate: 
    select
        count(uf1_0.id) 
    from
        user_follows uf1_0 
    where
        uf1_0.follower_id=?
Hibernate: 
    select
        u1_0.id,
        u1_0.avatar,
        u1_0.biography,
        u1_0.cover_image,
        u1_0.created_at,
        u1_0.email,
        u1_0.followers_count,
        u1_0.following_count,
        u1_0.full_name,
        u1_0.is_active,
        u1_0.password_hash,
        u1_0.updated_at,
        u1_0.username 
    from
        users u1_0 
    where
        u1_0.username=?
Hibernate: 
    select
        uf1_0.id 
    from
        user_follows uf1_0 
    where
        uf1_0.follower_id=? 
        and uf1_0.following_id=? 
    fetch
        first ? rows only
Hibernate: 
    select
        r1_0.id,
        r1_0.description,
        r1_0.role_name 
    from
        roles r1_0 
    where
        r1_0.role_name=?
2026-08-21T04:23:10.585+07:00 DEBUG 16668 --- [blogsystem] [           main] o.s.security.web.FilterChainProxy        : Securing PUT /api/users/me
2026-08-21T04:23:10.585+07:00 DEBUG 16668 --- [blogsystem] [           main] o.s.security.web.FilterChainProxy        : Secured PUT /api/users/me
Hibernate: 
    select
        r1_0.id,
        r1_0.description,
        r1_0.role_name 
    from
        roles r1_0 
    where
        r1_0.role_name=?
2026-08-21T04:23:10.684+07:00 DEBUG 16668 --- [blogsystem] [           main] o.s.security.web.FilterChainProxy        : Securing DELETE /api/users/21bdbaca-f027-4aca-9601-660988f186ed
2026-08-21T04:23:10.685+07:00 DEBUG 16668 --- [blogsystem] [           main] o.s.security.web.FilterChainProxy        : Secured DELETE /api/users/21bdbaca-f027-4aca-9601-660988f186ed
2026-08-21T04:23:10.686+07:00 DEBUG 16668 --- [blogsystem] [           main] horizationManagerBeforeMethodInterceptor : Authorizing method invocation ReflectiveMethodInvocation: public org.springframework.http.ResponseEntity com.blog.blogsystem.controller.UserController.deleteUser(java.util.UUID); target is of class [com.blog.blogsystem.controller.UserController]
2026-08-21T04:23:10.687+07:00 DEBUG 16668 --- [blogsystem] [           main] horizationManagerBeforeMethodInterceptor : Authorized method invocation ReflectiveMethodInvocation: public org.springframework.http.ResponseEntity com.blog.blogsystem.controller.UserController.deleteUser(java.util.UUID); target is of class [com.blog.blogsystem.controller.UserController]
Hibernate: 
    select
        r1_0.id,
        r1_0.description,
        r1_0.role_name 
    from
        roles r1_0 
    where
        r1_0.role_name=?
Hibernate: 
    select
        r1_0.id,
        r1_0.description,
        r1_0.role_name 
    from
        roles r1_0 
    where
        r1_0.role_name=?
Hibernate: 
    select
        r1_0.id,
        r1_0.description,
        r1_0.role_name 
    from
        roles r1_0 
    where
        r1_0.role_name=?
2026-08-21T04:23:10.902+07:00 DEBUG 16668 --- [blogsystem] [           main] o.s.security.web.FilterChainProxy        : Securing GET /api/users/me/profile
2026-08-21T04:23:10.902+07:00 DEBUG 16668 --- [blogsystem] [           main] o.s.security.web.FilterChainProxy        : Secured GET /api/users/me/profile
2026-08-21T04:23:10.903+07:00 DEBUG 16668 --- [blogsystem] [           main] horizationManagerBeforeMethodInterceptor : Authorizing method invocation ReflectiveMethodInvocation: public org.springframework.http.ResponseEntity com.blog.blogsystem.controller.UserController.getMyProfileStats(); target is of class [com.blog.blogsystem.controller.UserController]
2026-08-21T04:23:10.903+07:00 DEBUG 16668 --- [blogsystem] [           main] horizationManagerBeforeMethodInterceptor : Authorized method invocation ReflectiveMethodInvocation: public org.springframework.http.ResponseEntity com.blog.blogsystem.controller.UserController.getMyProfileStats(); target is of class [com.blog.blogsystem.controller.UserController]
Hibernate: 
    insert 
    into
        users
        (avatar, biography, cover_image, created_at, email, followers_count, following_count, full_name, is_active, password_hash, updated_at, username, id) 
    values
        (?, ?, ?, ?, ?, ?, ?, ?, ?, ?, ?, ?, ?)
Hibernate: 
    insert 
    into
        users
        (avatar, biography, cover_image, created_at, email, followers_count, following_count, full_name, is_active, password_hash, updated_at, username, id) 
    values
        (?, ?, ?, ?, ?, ?, ?, ?, ?, ?, ?, ?, ?)
Hibernate: 
    insert 
    into
        users
        (avatar, biography, cover_image, created_at, email, followers_count, following_count, full_name, is_active, password_hash, updated_at, username, id) 
    values
        (?, ?, ?, ?, ?, ?, ?, ?, ?, ?, ?, ?, ?)
Hibernate: 
    insert 
    into
        categories
        (created_at, description, name, slug, updated_at, id) 
    values
        (?, ?, ?, ?, ?, ?)
Hibernate: 
    insert 
    into
        posts
        (author_id, category_id, content_markdown, cover_image, created_at, likes_count, published_at, slug, status, summary, title, updated_at, view_count, id) 
    values
        (?, ?, ?, ?, ?, ?, ?, ?, ?, ?, ?, ?, ?, ?)
Hibernate: 
    insert 
    into
        posts
        (author_id, category_id, content_markdown, cover_image, created_at, likes_count, published_at, slug, status, summary, title, updated_at, view_count, id) 
    values
        (?, ?, ?, ?, ?, ?, ?, ?, ?, ?, ?, ?, ?, ?)
Hibernate: 
    insert 
    into
        comments
        (author_id, content, created_at, image_url, parent_id, post_id, report_count, updated_at, id) 
    values
        (?, ?, ?, ?, ?, ?, ?, ?, ?)
Hibernate: 
    insert 
    into
        comments
        (author_id, content, created_at, image_url, parent_id, post_id, report_count, updated_at, id) 
    values
        (?, ?, ?, ?, ?, ?, ?, ?, ?)
Hibernate: 
    insert 
    into
        user_follows
        (created_at, follower_id, following_id, id) 
    values
        (?, ?, ?, ?)
Hibernate: 
    insert 
    into
        user_follows
        (created_at, follower_id, following_id, id) 
    values
        (?, ?, ?, ?)
Hibernate: 
    insert 
    into
        user_roles
        (user_id, role_id) 
    values
        (?, ?)
Hibernate: 
    insert 
    into
        user_roles
        (user_id, role_id) 
    values
        (?, ?)
Hibernate: 
    insert 
    into
        user_roles
        (user_id, role_id) 
    values
        (?, ?)
Hibernate: 
    select
        u1_0.id,
        u1_0.avatar,
        u1_0.biography,
        u1_0.cover_image,
        u1_0.created_at,
        u1_0.email,
        u1_0.followers_count,
        u1_0.following_count,
        u1_0.full_name,
        u1_0.is_active,
        u1_0.password_hash,
        u1_0.updated_at,
        u1_0.username 
    from
        users u1_0 
    where
        u1_0.username=?
Hibernate: 
    select
        count(p1_0.id) 
    from
        posts p1_0 
    left join
        users a1_0 
            on a1_0.id=p1_0.author_id 
    where
        a1_0.username=?
Hibernate: 
    select
        count(c1_0.id) 
    from
        comments c1_0 
    left join
        users a1_0 
            on a1_0.id=c1_0.author_id 
    where
        a1_0.username=?
Hibernate: 
    select
        count(uf1_0.id) 
    from
        user_follows uf1_0 
    where
        uf1_0.following_id=?
Hibernate: 
    select
        count(uf1_0.id) 
    from
        user_follows uf1_0 
    where
        uf1_0.follower_id=?
2026-08-21T04:23:10.928+07:00 DEBUG 16668 --- [blogsystem] [           main] o.s.security.web.FilterChainProxy        : Securing GET /api/users
2026-08-21T04:23:10.928+07:00 DEBUG 16668 --- [blogsystem] [           main] o.s.security.web.FilterChainProxy        : Secured GET /api/users
2026-08-21T04:23:10.929+07:00 DEBUG 16668 --- [blogsystem] [           main] horizationManagerBeforeMethodInterceptor : Authorizing method invocation ReflectiveMethodInvocation: public org.springframework.http.ResponseEntity com.blog.blogsystem.controller.UserController.getAllUsers(int,int,java.lang.String,java.lang.String,java.lang.String,java.lang.String); target is of class [com.blog.blogsystem.controller.UserController]
2026-08-21T04:23:10.929+07:00 DEBUG 16668 --- [blogsystem] [           main] horizationManagerBeforeMethodInterceptor : Failed to authorize ReflectiveMethodInvocation: public org.springframework.http.ResponseEntity com.blog.blogsystem.controller.UserController.getAllUsers(int,int,java.lang.String,java.lang.String,java.lang.String,java.lang.String); target is of class [com.blog.blogsystem.controller.UserController] with authorization manager org.springframework.security.authorization.method.PreAuthorizeAuthorizationManager@16caff76 and result ExpressionAuthorizationDecision [granted=false, expressionAttribute=hasRole('ADMIN')]
Hibernate: 
    select
        r1_0.id,
        r1_0.description,
        r1_0.role_name 
    from
        roles r1_0 
    where
        r1_0.role_name=?
2026-08-21T04:23:11.002+07:00 DEBUG 16668 --- [blogsystem] [           main] o.s.security.web.FilterChainProxy        : Securing PUT /api/users/me
2026-08-21T04:23:11.002+07:00 DEBUG 16668 --- [blogsystem] [           main] o.s.security.web.FilterChainProxy        : Secured PUT /api/users/me
Hibernate: 
    insert 
    into
        users
        (avatar, biography, cover_image, created_at, email, followers_count, following_count, full_name, is_active, password_hash, updated_at, username, id) 
    values
        (?, ?, ?, ?, ?, ?, ?, ?, ?, ?, ?, ?, ?)
Hibernate: 
    insert 
    into
        user_roles
        (user_id, role_id) 
    values
        (?, ?)
Hibernate: 
    select
        u1_0.id,
        u1_0.avatar,
        u1_0.biography,
        u1_0.cover_image,
        u1_0.created_at,
        u1_0.email,
        u1_0.followers_count,
        u1_0.following_count,
        u1_0.full_name,
        u1_0.is_active,
        u1_0.password_hash,
        u1_0.updated_at,
        u1_0.username 
    from
        users u1_0 
    where
        u1_0.username=?
[INFO] Tests run: 12, Failures: 0, Errors: 0, Skipped: 0, Time elapsed: 1.528 s -- in com.blog.blogsystem.controller.UserControllerTest
[INFO] Running com.blog.blogsystem.repository.BookmarkRepositoryTest
2026-08-21T04:23:11.019+07:00  INFO 16668 --- [blogsystem] [           main] t.c.s.AnnotationConfigContextLoaderUtils : Could not detect default configuration classes for test class [com.blog.blogsystem.repository.BookmarkRepositoryTest]: BookmarkRepositoryTest does not declare any static, non-private, non-final, nested classes annotated with @Configuration.
2026-08-21T04:23:11.058+07:00  INFO 16668 --- [blogsystem] [           main] .b.t.c.SpringBootTestContextBootstrapper : Found @SpringBootConfiguration com.blog.blogsystem.BlogsystemApplication for test class com.blog.blogsystem.repository.BookmarkRepositoryTest
2026-08-21T04:23:11.059+07:00  INFO 16668 --- [blogsystem] [           main] t.c.s.AnnotationConfigContextLoaderUtils : Could not detect default configuration classes for test class [com.blog.blogsystem.repository.BookmarkRepositoryTest]: BookmarkRepositoryTest does not declare any static, non-private, non-final, nested classes annotated with @Configuration.
2026-08-21T04:23:11.067+07:00  INFO 16668 --- [blogsystem] [           main] .b.t.c.SpringBootTestContextBootstrapper : Found @SpringBootConfiguration com.blog.blogsystem.BlogsystemApplication for test class com.blog.blogsystem.repository.BookmarkRepositoryTest
2026-08-21T04:23:11.084+07:00  INFO 16668 --- [blogsystem] [           main] o.s.b.d.r.RestartApplicationListener     : Restart disabled due to context in which it is running

  .   ____          _            __ _ _
 /\\ / ___'_ __ _ _(_)_ __  __ _ \ \ \ \
( ( )\___ | '_ | '_| | '_ \/ _` | \ \ \ \
 \\/  ___)| |_)| | | | | || (_| |  ) ) ) )
  '  |____| .__|_| |_|_| |_\__, | / / / /
 =========|_|==============|___/=/_/_/_/

 :: Spring Boot ::                (v4.0.6)

2026-08-21T04:23:11.124+07:00  INFO 16668 --- [blogsystem] [           main] c.b.b.repository.BookmarkRepositoryTest  : Starting BookmarkRepositoryTest using Java 23 with PID 16668 (started by Trung An in D:\blognews\blogsystem)
2026-08-21T04:23:11.125+07:00 DEBUG 16668 --- [blogsystem] [           main] c.b.b.repository.BookmarkRepositoryTest  : Running with Spring Boot v4.0.6, Spring v7.0.7
2026-08-21T04:23:11.125+07:00  INFO 16668 --- [blogsystem] [           main] c.b.b.repository.BookmarkRepositoryTest  : The following 1 profile is active: "test"
2026-08-21T04:23:11.296+07:00  INFO 16668 --- [blogsystem] [           main] .s.d.r.c.RepositoryConfigurationDelegate : Bootstrapping Spring Data JPA repositories in DEFAULT mode.
2026-08-21T04:23:11.327+07:00  INFO 16668 --- [blogsystem] [           main] .s.d.r.c.RepositoryConfigurationDelegate : Finished Spring Data repository scanning in 28 ms. Found 14 JPA repository interfaces.
2026-08-21T04:23:11.392+07:00  INFO 16668 --- [blogsystem] [           main] com.zaxxer.hikari.HikariDataSource       : HikariPool-3 - Starting...
2026-08-21T04:23:11.445+07:00  INFO 16668 --- [blogsystem] [           main] com.zaxxer.hikari.pool.HikariPool        : HikariPool-3 - Added connection org.postgresql.jdbc.PgConnection@760a21dd
2026-08-21T04:23:11.445+07:00  INFO 16668 --- [blogsystem] [           main] com.zaxxer.hikari.HikariDataSource       : HikariPool-3 - Start completed.
2026-08-21T04:23:11.447+07:00  INFO 16668 --- [blogsystem] [           main] org.flywaydb.core.FlywayExecutor         : Database: jdbc:postgresql://localhost:5432/blogsystemdb (PostgreSQL 18.3)
2026-08-21T04:23:11.477+07:00  INFO 16668 --- [blogsystem] [           main] o.f.core.internal.command.DbValidate     : Successfully validated 21 migrations (execution time 00:00.018s)
2026-08-21T04:23:11.527+07:00  INFO 16668 --- [blogsystem] [           main] o.f.core.internal.command.DbMigrate      : Current version of schema "public": 21
2026-08-21T04:23:11.528+07:00  INFO 16668 --- [blogsystem] [           main] o.f.core.internal.command.DbMigrate      : Schema "public" is up to date. No migration necessary.
2026-08-21T04:23:11.546+07:00  INFO 16668 --- [blogsystem] [           main] org.hibernate.orm.jpa                    : HHH008540: Processing PersistenceUnitInfo [name: default]
2026-08-21T04:23:11.577+07:00  INFO 16668 --- [blogsystem] [           main] o.s.o.j.p.SpringPersistenceUnitInfo      : No LoadTimeWeaver setup: ignoring JPA class transformer
2026-08-21T04:23:11.618+07:00  INFO 16668 --- [blogsystem] [           main] org.hibernate.orm.connections.pooling    : HHH10001005: Database info:
	Database JDBC URL [jdbc:postgresql://localhost:5432/blogsystemdb]
	Database driver: PostgreSQL JDBC Driver
	Database dialect: PostgreSQLDialect
	Database version: 18.3
	Default catalog/schema: blogsystemdb/public
	Autocommit mode: undefined/unknown
	Isolation level: READ_COMMITTED [default READ_COMMITTED]
	JDBC fetch size: none
	Pool: DataSourceConnectionProvider
	Minimum pool size: undefined/unknown
	Maximum pool size: undefined/unknown
2026-08-21T04:23:11.781+07:00  INFO 16668 --- [blogsystem] [           main] org.hibernate.orm.core                   : HHH000489: No JTA platform available (set 'hibernate.transaction.jta.platform' to enable JTA platform integration)
2026-08-21T04:23:11.802+07:00  INFO 16668 --- [blogsystem] [           main] j.LocalContainerEntityManagerFactoryBean : Initialized JPA EntityManagerFactory for persistence unit 'default'
2026-08-21T04:23:12.027+07:00  INFO 16668 --- [blogsystem] [           main] c.b.b.repository.BookmarkRepositoryTest  : Started BookmarkRepositoryTest in 0.943 seconds (process running for 27.547)
Hibernate: 
    insert 
    into
        users
        (avatar, biography, cover_image, created_at, email, followers_count, following_count, full_name, is_active, password_hash, updated_at, username, id) 
    values
        (?, ?, ?, ?, ?, ?, ?, ?, ?, ?, ?, ?, ?)
Hibernate: 
    insert 
    into
        users
        (avatar, biography, cover_image, created_at, email, followers_count, following_count, full_name, is_active, password_hash, updated_at, username, id) 
    values
        (?, ?, ?, ?, ?, ?, ?, ?, ?, ?, ?, ?, ?)
Hibernate: 
    insert 
    into
        categories
        (created_at, description, name, slug, updated_at, id) 
    values
        (?, ?, ?, ?, ?, ?)
Hibernate: 
    insert 
    into
        posts
        (author_id, category_id, content_markdown, cover_image, created_at, likes_count, published_at, slug, status, summary, title, updated_at, view_count, id) 
    values
        (?, ?, ?, ?, ?, ?, ?, ?, ?, ?, ?, ?, ?, ?)
Hibernate: 
    insert 
    into
        bookmarks
        (created_at, post_id, user_id, id) 
    values
        (?, ?, ?, ?)
Hibernate: 
    select
        b1_0.id,
        b1_0.created_at,
        b1_0.post_id,
        b1_0.user_id 
    from
        bookmarks b1_0 
    where
        b1_0.user_id=? 
        and b1_0.post_id=?
Hibernate: 
    insert 
    into
        users
        (avatar, biography, cover_image, created_at, email, followers_count, following_count, full_name, is_active, password_hash, updated_at, username, id) 
    values
        (?, ?, ?, ?, ?, ?, ?, ?, ?, ?, ?, ?, ?)
Hibernate: 
    insert 
    into
        users
        (avatar, biography, cover_image, created_at, email, followers_count, following_count, full_name, is_active, password_hash, updated_at, username, id) 
    values
        (?, ?, ?, ?, ?, ?, ?, ?, ?, ?, ?, ?, ?)
Hibernate: 
    insert 
    into
        categories
        (created_at, description, name, slug, updated_at, id) 
    values
        (?, ?, ?, ?, ?, ?)
Hibernate: 
    insert 
    into
        posts
        (author_id, category_id, content_markdown, cover_image, created_at, likes_count, published_at, slug, status, summary, title, updated_at, view_count, id) 
    values
        (?, ?, ?, ?, ?, ?, ?, ?, ?, ?, ?, ?, ?, ?)
Hibernate: 
    insert 
    into
        posts
        (author_id, category_id, content_markdown, cover_image, created_at, likes_count, published_at, slug, status, summary, title, updated_at, view_count, id) 
    values
        (?, ?, ?, ?, ?, ?, ?, ?, ?, ?, ?, ?, ?, ?)
Hibernate: 
    insert 
    into
        bookmarks
        (created_at, post_id, user_id, id) 
    values
        (?, ?, ?, ?)
Hibernate: 
    insert 
    into
        bookmarks
        (created_at, post_id, user_id, id) 
    values
        (?, ?, ?, ?)
Hibernate: 
    select
        b1_0.id,
        b1_0.created_at,
        b1_0.post_id,
        b1_0.user_id 
    from
        bookmarks b1_0 
    where
        b1_0.user_id=? 
    fetch
        first ? rows only
[INFO] Tests run: 2, Failures: 0, Errors: 0, Skipped: 0, Time elapsed: 1.126 s -- in com.blog.blogsystem.repository.BookmarkRepositoryTest
[INFO] Running com.blog.blogsystem.repository.CommentRepositoryTest
2026-08-21T04:23:12.145+07:00  INFO 16668 --- [blogsystem] [           main] t.c.s.AnnotationConfigContextLoaderUtils : Could not detect default configuration classes for test class [com.blog.blogsystem.repository.CommentRepositoryTest]: CommentRepositoryTest does not declare any static, non-private, non-final, nested classes annotated with @Configuration.
2026-08-21T04:23:12.174+07:00  INFO 16668 --- [blogsystem] [           main] .b.t.c.SpringBootTestContextBootstrapper : Found @SpringBootConfiguration com.blog.blogsystem.BlogsystemApplication for test class com.blog.blogsystem.repository.CommentRepositoryTest
2026-08-21T04:23:12.175+07:00  INFO 16668 --- [blogsystem] [           main] t.c.s.AnnotationConfigContextLoaderUtils : Could not detect default configuration classes for test class [com.blog.blogsystem.repository.CommentRepositoryTest]: CommentRepositoryTest does not declare any static, non-private, non-final, nested classes annotated with @Configuration.
2026-08-21T04:23:12.191+07:00  INFO 16668 --- [blogsystem] [           main] .b.t.c.SpringBootTestContextBootstrapper : Found @SpringBootConfiguration com.blog.blogsystem.BlogsystemApplication for test class com.blog.blogsystem.repository.CommentRepositoryTest
Hibernate: 
    insert 
    into
        users
        (avatar, biography, cover_image, created_at, email, followers_count, following_count, full_name, is_active, password_hash, updated_at, username, id) 
    values
        (?, ?, ?, ?, ?, ?, ?, ?, ?, ?, ?, ?, ?)
Hibernate: 
    insert 
    into
        users
        (avatar, biography, cover_image, created_at, email, followers_count, following_count, full_name, is_active, password_hash, updated_at, username, id) 
    values
        (?, ?, ?, ?, ?, ?, ?, ?, ?, ?, ?, ?, ?)
Hibernate: 
    insert 
    into
        categories
        (created_at, description, name, slug, updated_at, id) 
    values
        (?, ?, ?, ?, ?, ?)
Hibernate: 
    insert 
    into
        posts
        (author_id, category_id, content_markdown, cover_image, created_at, likes_count, published_at, slug, status, summary, title, updated_at, view_count, id) 
    values
        (?, ?, ?, ?, ?, ?, ?, ?, ?, ?, ?, ?, ?, ?)
Hibernate: 
    insert 
    into
        comments
        (author_id, content, created_at, image_url, parent_id, post_id, report_count, updated_at, id) 
    values
        (?, ?, ?, ?, ?, ?, ?, ?, ?)
Hibernate: 
    insert 
    into
        comments
        (author_id, content, created_at, image_url, parent_id, post_id, report_count, updated_at, id) 
    values
        (?, ?, ?, ?, ?, ?, ?, ?, ?)
Hibernate: 
    select
        count(c1_0.id) 
    from
        comments c1_0 
    left join
        users a1_0 
            on a1_0.id=c1_0.author_id 
    where
        a1_0.username=?
Hibernate: 
    insert 
    into
        users
        (avatar, biography, cover_image, created_at, email, followers_count, following_count, full_name, is_active, password_hash, updated_at, username, id) 
    values
        (?, ?, ?, ?, ?, ?, ?, ?, ?, ?, ?, ?, ?)
Hibernate: 
    insert 
    into
        users
        (avatar, biography, cover_image, created_at, email, followers_count, following_count, full_name, is_active, password_hash, updated_at, username, id) 
    values
        (?, ?, ?, ?, ?, ?, ?, ?, ?, ?, ?, ?, ?)
Hibernate: 
    insert 
    into
        categories
        (created_at, description, name, slug, updated_at, id) 
    values
        (?, ?, ?, ?, ?, ?)
Hibernate: 
    insert 
    into
        posts
        (author_id, category_id, content_markdown, cover_image, created_at, likes_count, published_at, slug, status, summary, title, updated_at, view_count, id) 
    values
        (?, ?, ?, ?, ?, ?, ?, ?, ?, ?, ?, ?, ?, ?)
Hibernate: 
    insert 
    into
        comments
        (author_id, content, created_at, image_url, parent_id, post_id, report_count, updated_at, id) 
    values
        (?, ?, ?, ?, ?, ?, ?, ?, ?)
Hibernate: 
    insert 
    into
        comments
        (author_id, content, created_at, image_url, parent_id, post_id, report_count, updated_at, id) 
    values
        (?, ?, ?, ?, ?, ?, ?, ?, ?)
Hibernate: 
    insert 
    into
        comments
        (author_id, content, created_at, image_url, parent_id, post_id, report_count, updated_at, id) 
    values
        (?, ?, ?, ?, ?, ?, ?, ?, ?)
Hibernate: 
    select
        c1_0.id,
        c1_0.author_id,
        c1_0.content,
        c1_0.created_at,
        c1_0.image_url,
        c1_0.parent_id,
        c1_0.post_id,
        c1_0.report_count,
        c1_0.updated_at 
    from
        comments c1_0 
    where
        c1_0.post_id=? 
        and c1_0.parent_id is null 
    fetch
        first ? rows only
[INFO] Tests run: 2, Failures: 0, Errors: 0, Skipped: 0, Time elapsed: 0.121 s -- in com.blog.blogsystem.repository.CommentRepositoryTest
[INFO] Running com.blog.blogsystem.repository.PostRepositoryTest
2026-08-21T04:23:12.268+07:00  INFO 16668 --- [blogsystem] [           main] t.c.s.AnnotationConfigContextLoaderUtils : Could not detect default configuration classes for test class [com.blog.blogsystem.repository.PostRepositoryTest]: PostRepositoryTest does not declare any static, non-private, non-final, nested classes annotated with @Configuration.
2026-08-21T04:23:12.278+07:00  INFO 16668 --- [blogsystem] [           main] .b.t.c.SpringBootTestContextBootstrapper : Found @SpringBootConfiguration com.blog.blogsystem.BlogsystemApplication for test class com.blog.blogsystem.repository.PostRepositoryTest
2026-08-21T04:23:12.279+07:00  INFO 16668 --- [blogsystem] [           main] t.c.s.AnnotationConfigContextLoaderUtils : Could not detect default configuration classes for test class [com.blog.blogsystem.repository.PostRepositoryTest]: PostRepositoryTest does not declare any static, non-private, non-final, nested classes annotated with @Configuration.
2026-08-21T04:23:12.292+07:00  INFO 16668 --- [blogsystem] [           main] .b.t.c.SpringBootTestContextBootstrapper : Found @SpringBootConfiguration com.blog.blogsystem.BlogsystemApplication for test class com.blog.blogsystem.repository.PostRepositoryTest
Hibernate: 
    insert 
    into
        categories
        (created_at, description, name, slug, updated_at, id) 
    values
        (?, ?, ?, ?, ?, ?)
Hibernate: 
    insert 
    into
        posts
        (author_id, category_id, content_markdown, cover_image, created_at, likes_count, published_at, slug, status, summary, title, updated_at, view_count, id) 
    values
        (?, ?, ?, ?, ?, ?, ?, ?, ?, ?, ?, ?, ?, ?)
Hibernate: 
    select
        p1_0.id,
        p1_0.author_id,
        p1_0.category_id,
        p1_0.content_markdown,
        p1_0.cover_image,
        p1_0.created_at,
        p1_0.likes_count,
        p1_0.published_at,
        p1_0.slug,
        p1_0.status,
        p1_0.summary,
        p1_0.title,
        p1_0.updated_at,
        p1_0.view_count 
    from
        posts p1_0 
    where
        p1_0.slug=?
[INFO] Tests run: 1, Failures: 0, Errors: 0, Skipped: 0, Time elapsed: 0.056 s -- in com.blog.blogsystem.repository.PostRepositoryTest
[INFO] Running com.blog.blogsystem.repository.UserFollowRepositoryTest
2026-08-21T04:23:12.324+07:00  INFO 16668 --- [blogsystem] [           main] t.c.s.AnnotationConfigContextLoaderUtils : Could not detect default configuration classes for test class [com.blog.blogsystem.repository.UserFollowRepositoryTest]: UserFollowRepositoryTest does not declare any static, non-private, non-final, nested classes annotated with @Configuration.
2026-08-21T04:23:12.335+07:00  INFO 16668 --- [blogsystem] [           main] .b.t.c.SpringBootTestContextBootstrapper : Found @SpringBootConfiguration com.blog.blogsystem.BlogsystemApplication for test class com.blog.blogsystem.repository.UserFollowRepositoryTest
2026-08-21T04:23:12.336+07:00  INFO 16668 --- [blogsystem] [           main] t.c.s.AnnotationConfigContextLoaderUtils : Could not detect default configuration classes for test class [com.blog.blogsystem.repository.UserFollowRepositoryTest]: UserFollowRepositoryTest does not declare any static, non-private, non-final, nested classes annotated with @Configuration.
2026-08-21T04:23:12.348+07:00  INFO 16668 --- [blogsystem] [           main] .b.t.c.SpringBootTestContextBootstrapper : Found @SpringBootConfiguration com.blog.blogsystem.BlogsystemApplication for test class com.blog.blogsystem.repository.UserFollowRepositoryTest
Hibernate: 
    insert 
    into
        users
        (avatar, biography, cover_image, created_at, email, followers_count, following_count, full_name, is_active, password_hash, updated_at, username, id) 
    values
        (?, ?, ?, ?, ?, ?, ?, ?, ?, ?, ?, ?, ?)
Hibernate: 
    insert 
    into
        users
        (avatar, biography, cover_image, created_at, email, followers_count, following_count, full_name, is_active, password_hash, updated_at, username, id) 
    values
        (?, ?, ?, ?, ?, ?, ?, ?, ?, ?, ?, ?, ?)
Hibernate: 
    insert 
    into
        users
        (avatar, biography, cover_image, created_at, email, followers_count, following_count, full_name, is_active, password_hash, updated_at, username, id) 
    values
        (?, ?, ?, ?, ?, ?, ?, ?, ?, ?, ?, ?, ?)
Hibernate: 
    insert 
    into
        user_follows
        (created_at, follower_id, following_id, id) 
    values
        (?, ?, ?, ?)
Hibernate: 
    insert 
    into
        user_follows
        (created_at, follower_id, following_id, id) 
    values
        (?, ?, ?, ?)
Hibernate: 
    select
        uf1_0.id,
        uf1_0.created_at,
        uf1_0.follower_id,
        uf1_0.following_id 
    from
        user_follows uf1_0 
    where
        uf1_0.follower_id=? 
    fetch
        first ? rows only
Hibernate: 
    insert 
    into
        users
        (avatar, biography, cover_image, created_at, email, followers_count, following_count, full_name, is_active, password_hash, updated_at, username, id) 
    values
        (?, ?, ?, ?, ?, ?, ?, ?, ?, ?, ?, ?, ?)
Hibernate: 
    insert 
    into
        users
        (avatar, biography, cover_image, created_at, email, followers_count, following_count, full_name, is_active, password_hash, updated_at, username, id) 
    values
        (?, ?, ?, ?, ?, ?, ?, ?, ?, ?, ?, ?, ?)
Hibernate: 
    insert 
    into
        user_follows
        (created_at, follower_id, following_id, id) 
    values
        (?, ?, ?, ?)
Hibernate: 
    select
        uf1_0.id 
    from
        user_follows uf1_0 
    where
        uf1_0.follower_id=? 
        and uf1_0.following_id=? 
    fetch
        first ? rows only
Hibernate: 
    select
        count(uf1_0.id) 
    from
        user_follows uf1_0 
    where
        uf1_0.following_id=?
Hibernate: 
    select
        count(uf1_0.id) 
    from
        user_follows uf1_0 
    where
        uf1_0.follower_id=?
[INFO] Tests run: 2, Failures: 0, Errors: 0, Skipped: 0, Time elapsed: 0.079 s -- in com.blog.blogsystem.repository.UserFollowRepositoryTest
[INFO] Running com.blog.blogsystem.service.BookmarkServiceTest
[INFO] Tests run: 5, Failures: 0, Errors: 0, Skipped: 0, Time elapsed: 0.750 s -- in com.blog.blogsystem.service.BookmarkServiceTest
[INFO] Running com.blog.blogsystem.service.CommentServiceTest
[INFO] Tests run: 7, Failures: 0, Errors: 0, Skipped: 0, Time elapsed: 0.322 s -- in com.blog.blogsystem.service.CommentServiceTest
[INFO] Running com.blog.blogsystem.service.PostServiceTest
[INFO] Tests run: 2, Failures: 0, Errors: 0, Skipped: 0, Time elapsed: 0.010 s -- in com.blog.blogsystem.service.PostServiceTest
[INFO] Running com.blog.blogsystem.service.UserServiceTest
[INFO] Tests run: 7, Failures: 0, Errors: 0, Skipped: 0, Time elapsed: 0.313 s -- in com.blog.blogsystem.service.UserServiceTest
[INFO] 
[INFO] Results:
[INFO] 
[INFO] Tests run: 100, Failures: 0, Errors: 0, Skipped: 0
[INFO] 
[INFO] ------------------------------------------------------------------------
[INFO] BUILD SUCCESS
[INFO] ------------------------------------------------------------------------
[INFO] Total time:  41.601 s
[INFO] Finished at: 2026-08-21T04:23:13+07:00
[INFO] ------------------------------------------------------------------------
